<?xml version="1.0" encoding="utf-8"?><testsuites name="pytest tests"><testsuite name="pytest" errors="2" failures="98" skipped="3" tests="499" time="28.679" timestamp="2025-11-24T07:37:54.927423+01:00" hostname="Franks-iMac.home"><testcase classname="tests.integrations.stripe.test_stripe_create_payment.TestStripeCreatePayment" name="test_initialization" time="0.001" /><testcase classname="tests.integrations.stripe.test_stripe_create_payment.TestStripeCreatePayment" name="test_mock_mode_basic_payment" time="0.003" /><testcase classname="tests.integrations.stripe.test_stripe_create_payment.TestStripeCreatePayment" name="test_mock_mode_confirmed_payment" time="0.001" /><testcase classname="tests.integrations.stripe.test_stripe_create_payment.TestStripeCreatePayment" name="test_mock_mode_with_metadata" time="0.001" /><testcase classname="tests.integrations.stripe.test_stripe_create_payment.TestStripeCreatePayment" name="test_multiple_currencies" time="0.002" /><testcase classname="tests.integrations.stripe.test_stripe_create_payment.TestStripeCreatePayment" name="test_validation_invalid_currency" time="0.001" /><testcase classname="tests.integrations.stripe.test_stripe_create_payment.TestStripeCreatePayment" name="test_validation_invalid_email" time="0.000"><failure message="pydantic_core._pydantic_core.ValidationError: 1 validation error for StripeCreatePayment&#10;customer_email&#10;  String should match pattern '^[\w\.-]+@[\w\.-]+\.\w+$' [type=string_pattern_mismatch, input_value='invalid-email', input_type=str]&#10;    For further information visit https://errors.pydantic.dev/2.12/v/string_pattern_mismatch">E   pydantic_core._pydantic_core.ValidationError: 1 validation error for StripeCreatePayment
    customer_email
      String should match pattern '^[\w\.-]+@[\w\.-]+\.\w+$' [type=string_pattern_mismatch, input_value='invalid-email', input_type=str]
        For further information visit https://errors.pydantic.dev/2.12/v/string_pattern_mismatch</failure></testcase><testcase classname="tests.integrations.stripe.test_stripe_create_payment.TestStripeCreatePayment" name="test_validation_invalid_amount_negative" time="0.000" /><testcase classname="tests.integrations.stripe.test_stripe_create_payment.TestStripeCreatePayment" name="test_validation_invalid_amount_too_large" time="0.000" /><testcase classname="tests.integrations.stripe.test_stripe_create_payment.TestStripeCreatePayment" name="test_validation_invalid_payment_method" time="0.001" /><testcase classname="tests.integrations.stripe.test_stripe_create_payment.TestStripeCreatePayment" name="test_payment_method_types" time="0.002" /><testcase classname="tests.integrations.stripe.test_stripe_create_payment.TestStripeCreatePayment" name="test_real_api_success" time="0.002"><failure message="AttributeError: &lt;module 'tools.integrations.stripe.stripe_create_payment' from '/Users/frank/Documents/Code/Genspark/agentswarm-tools/tools/integrations/stripe/stripe_create_payment.py'&gt; does not have the attribute 'stripe'">E   AttributeError: &lt;module 'tools.integrations.stripe.stripe_create_payment' from '/Users/frank/Documents/Code/Genspark/agentswarm-tools/tools/integrations/stripe/stripe_create_payment.py'&gt; does not have the attribute 'stripe'</failure></testcase><testcase classname="tests.integrations.stripe.test_stripe_create_payment.TestStripeCreatePayment" name="test_real_api_card_error" time="0.001"><failure message="AttributeError: &lt;module 'tools.integrations.stripe.stripe_create_payment' from '/Users/frank/Documents/Code/Genspark/agentswarm-tools/tools/integrations/stripe/stripe_create_payment.py'&gt; does not have the attribute 'stripe'">E   AttributeError: &lt;module 'tools.integrations.stripe.stripe_create_payment' from '/Users/frank/Documents/Code/Genspark/agentswarm-tools/tools/integrations/stripe/stripe_create_payment.py'&gt; does not have the attribute 'stripe'</failure></testcase><testcase classname="tests.integrations.stripe.test_stripe_create_payment.TestStripeCreatePayment" name="test_missing_api_key" time="3.014"><failure message="shared.errors.APIError: stripe_create_payment: [API_ERROR] Failed to create payment: stripe_create_payment: [AUTH_ERROR] Missing STRIPE_API_KEY environment variable">E   shared.errors.AuthenticationError: stripe_create_payment: [AUTH_ERROR] Missing STRIPE_API_KEY environment variable

During handling of the above exception, another exception occurred:
E   shared.errors.APIError: stripe_create_payment: [API_ERROR] Failed to create payment: stripe_create_payment: [AUTH_ERROR] Missing STRIPE_API_KEY environment variable</failure></testcase><testcase classname="tests.integrations.stripe.test_stripe_create_payment.TestStripeCreatePayment" name="test_description_length_limit" time="0.001" /><testcase classname="tests.integrations.stripe.test_stripe_create_payment.TestStripeCreatePayment" name="test_edge_case_minimum_amount" time="0.002" /><testcase classname="tests.integrations.stripe.test_stripe_create_payment.TestStripeCreatePayment" name="test_edge_case_maximum_amount" time="0.001" /><testcase classname="tests.integrations.stripe.test_stripe_create_payment.TestStripeCreatePayment" name="test_metadata_persistence" time="0.001" /><testcase classname="tests.integrations.stripe.test_stripe_create_payment.TestStripeCreatePayment" name="test_concurrent_payments" time="0.006"><failure message="AssertionError: assert 5 == 1&#10; +  where 5 = len(['pi_mock_1234567890abcdef', 'pi_mock_1234567890abcdef', 'pi_mock_1234567890abcdef', 'pi_mock_1234567890abcdef', 'pi_mock_1234567890abcdef'])&#10; +  and   1 = len({'pi_mock_1234567890abcdef'})&#10; +    where {'pi_mock_1234567890abcdef'} = set(['pi_mock_1234567890abcdef', 'pi_mock_1234567890abcdef', 'pi_mock_1234567890abcdef', 'pi_mock_1234567890abcdef', 'pi_mock_1234567890abcdef'])">E   AssertionError: assert 5 == 1
     +  where 5 = len(['pi_mock_1234567890abcdef', 'pi_mock_1234567890abcdef', 'pi_mock_1234567890abcdef', 'pi_mock_1234567890abcdef', 'pi_mock_1234567890abcdef'])
     +  and   1 = len({'pi_mock_1234567890abcdef'})
     +    where {'pi_mock_1234567890abcdef'} = set(['pi_mock_1234567890abcdef', 'pi_mock_1234567890abcdef', 'pi_mock_1234567890abcdef', 'pi_mock_1234567890abcdef', 'pi_mock_1234567890abcdef'])</failure></testcase><testcase classname="tests.integrations.stripe.test_stripe_create_subscription.TestStripeCreateSubscription" name="test_initialization" time="0.001" /><testcase classname="tests.integrations.stripe.test_stripe_create_subscription.TestStripeCreateSubscription" name="test_mock_mode_basic_subscription" time="0.001" /><testcase classname="tests.integrations.stripe.test_stripe_create_subscription.TestStripeCreateSubscription" name="test_mock_mode_subscription_with_trial" time="0.001" /><testcase classname="tests.integrations.stripe.test_stripe_create_subscription.TestStripeCreateSubscription" name="test_mock_mode_yearly_subscription" time="0.001" /><testcase classname="tests.integrations.stripe.test_stripe_create_subscription.TestStripeCreateSubscription" name="test_mock_mode_subscription_with_quantity" time="0.001" /><testcase classname="tests.integrations.stripe.test_stripe_create_subscription.TestStripeCreateSubscription" name="test_mock_mode_subscription_with_payment_method" time="0.001" /><testcase classname="tests.integrations.stripe.test_stripe_create_subscription.TestStripeCreateSubscription" name="test_mock_mode_subscription_with_metadata" time="0.001" /><testcase classname="tests.integrations.stripe.test_stripe_create_subscription.TestStripeCreateSubscription" name="test_mock_mode_create_customer_from_email" time="0.001" /><testcase classname="tests.integrations.stripe.test_stripe_create_subscription.TestStripeCreateSubscription" name="test_validation_invalid_billing_interval" time="0.001" /><testcase classname="tests.integrations.stripe.test_stripe_create_subscription.TestStripeCreateSubscription" name="test_validation_invalid_customer_id_format" time="0.001" /><testcase classname="tests.integrations.stripe.test_stripe_create_subscription.TestStripeCreateSubscription" name="test_validation_invalid_price_id_format" time="0.001" /><testcase classname="tests.integrations.stripe.test_stripe_create_subscription.TestStripeCreateSubscription" name="test_validation_invalid_trial_period_negative" time="0.000" /><testcase classname="tests.integrations.stripe.test_stripe_create_subscription.TestStripeCreateSubscription" name="test_validation_invalid_trial_period_too_large" time="0.000" /><testcase classname="tests.integrations.stripe.test_stripe_create_subscription.TestStripeCreateSubscription" name="test_validation_invalid_quantity_zero" time="0.000" /><testcase classname="tests.integrations.stripe.test_stripe_create_subscription.TestStripeCreateSubscription" name="test_validation_invalid_quantity_too_large" time="0.000" /><testcase classname="tests.integrations.stripe.test_stripe_create_subscription.TestStripeCreateSubscription" name="test_billing_intervals" time="0.003" /><testcase classname="tests.integrations.stripe.test_stripe_create_subscription.TestStripeCreateSubscription" name="test_trial_periods" time="0.003" /><testcase classname="tests.integrations.stripe.test_stripe_create_subscription.TestStripeCreateSubscription" name="test_current_period_end_calculation" time="0.001" /><testcase classname="tests.integrations.stripe.test_stripe_create_subscription.TestStripeCreateSubscription" name="test_real_api_success" time="0.000"><failure message="AttributeError: &lt;module 'tools.integrations.stripe.stripe_create_subscription' from '/Users/frank/Documents/Code/Genspark/agentswarm-tools/tools/integrations/stripe/stripe_create_subscription.py'&gt; does not have the attribute 'stripe'">E   AttributeError: &lt;module 'tools.integrations.stripe.stripe_create_subscription' from '/Users/frank/Documents/Code/Genspark/agentswarm-tools/tools/integrations/stripe/stripe_create_subscription.py'&gt; does not have the attribute 'stripe'</failure></testcase><testcase classname="tests.integrations.stripe.test_stripe_create_subscription.TestStripeCreateSubscription" name="test_real_api_create_customer" time="0.000"><failure message="AttributeError: &lt;module 'tools.integrations.stripe.stripe_create_subscription' from '/Users/frank/Documents/Code/Genspark/agentswarm-tools/tools/integrations/stripe/stripe_create_subscription.py'&gt; does not have the attribute 'stripe'">E   AttributeError: &lt;module 'tools.integrations.stripe.stripe_create_subscription' from '/Users/frank/Documents/Code/Genspark/agentswarm-tools/tools/integrations/stripe/stripe_create_subscription.py'&gt; does not have the attribute 'stripe'</failure></testcase><testcase classname="tests.integrations.stripe.test_stripe_create_subscription.TestStripeCreateSubscription" name="test_real_api_invalid_request_error" time="0.000"><failure message="AttributeError: &lt;module 'tools.integrations.stripe.stripe_create_subscription' from '/Users/frank/Documents/Code/Genspark/agentswarm-tools/tools/integrations/stripe/stripe_create_subscription.py'&gt; does not have the attribute 'stripe'">E   AttributeError: &lt;module 'tools.integrations.stripe.stripe_create_subscription' from '/Users/frank/Documents/Code/Genspark/agentswarm-tools/tools/integrations/stripe/stripe_create_subscription.py'&gt; does not have the attribute 'stripe'</failure></testcase><testcase classname="tests.integrations.stripe.test_stripe_create_subscription.TestStripeCreateSubscription" name="test_real_api_authentication_error" time="0.000"><failure message="AttributeError: &lt;module 'tools.integrations.stripe.stripe_create_subscription' from '/Users/frank/Documents/Code/Genspark/agentswarm-tools/tools/integrations/stripe/stripe_create_subscription.py'&gt; does not have the attribute 'stripe'">E   AttributeError: &lt;module 'tools.integrations.stripe.stripe_create_subscription' from '/Users/frank/Documents/Code/Genspark/agentswarm-tools/tools/integrations/stripe/stripe_create_subscription.py'&gt; does not have the attribute 'stripe'</failure></testcase><testcase classname="tests.integrations.stripe.test_stripe_create_subscription.TestStripeCreateSubscription" name="test_missing_api_key" time="3.011"><failure message="shared.errors.APIError: stripe_create_subscription: [API_ERROR] Failed to create subscription: stripe_create_subscription: [AUTH_ERROR] Missing STRIPE_API_KEY environment variable">E   shared.errors.AuthenticationError: stripe_create_subscription: [AUTH_ERROR] Missing STRIPE_API_KEY environment variable

During handling of the above exception, another exception occurred:
E   shared.errors.APIError: stripe_create_subscription: [API_ERROR] Failed to create subscription: stripe_create_subscription: [AUTH_ERROR] Missing STRIPE_API_KEY environment variable</failure></testcase><testcase classname="tests.integrations.stripe.test_stripe_create_subscription.TestStripeCreateSubscription" name="test_price_id_with_plan_prefix" time="0.001" /><testcase classname="tests.integrations.stripe.test_stripe_create_subscription.TestStripeCreateSubscription" name="test_metadata_persistence" time="0.001" /><testcase classname="tests.integrations.stripe.test_stripe_create_subscription.TestStripeCreateSubscription" name="test_concurrent_subscriptions" time="0.003"><failure message="AssertionError: assert 3 == 1&#10; +  where 3 = len(['sub_mock_1234567890abcdef', 'sub_mock_1234567890abcdef', 'sub_mock_1234567890abcdef'])&#10; +  and   1 = len({'sub_mock_1234567890abcdef'})&#10; +    where {'sub_mock_1234567890abcdef'} = set(['sub_mock_1234567890abcdef', 'sub_mock_1234567890abcdef', 'sub_mock_1234567890abcdef'])">E   AssertionError: assert 3 == 1
     +  where 3 = len(['sub_mock_1234567890abcdef', 'sub_mock_1234567890abcdef', 'sub_mock_1234567890abcdef'])
     +  and   1 = len({'sub_mock_1234567890abcdef'})
     +    where {'sub_mock_1234567890abcdef'} = set(['sub_mock_1234567890abcdef', 'sub_mock_1234567890abcdef', 'sub_mock_1234567890abcdef'])</failure></testcase><testcase classname="tests.integrations.stripe.test_stripe_create_subscription.TestStripeCreateSubscription" name="test_edge_case_minimum_trial_period" time="0.001" /><testcase classname="tests.integrations.stripe.test_stripe_create_subscription.TestStripeCreateSubscription" name="test_edge_case_maximum_trial_period" time="0.001" /><testcase classname="tests.integrations.stripe.test_stripe_create_subscription.TestStripeCreateSubscription" name="test_edge_case_minimum_quantity" time="0.001" /><testcase classname="tests.integrations.stripe.test_stripe_create_subscription.TestStripeCreateSubscription" name="test_edge_case_maximum_quantity" time="0.001" /><testcase classname="tests.integrations.stripe.test_stripe_get_invoices.TestStripeGetInvoices" name="test_initialization" time="0.000" /><testcase classname="tests.integrations.stripe.test_stripe_get_invoices.TestStripeGetInvoices" name="test_mock_mode_get_all_invoices" time="0.002" /><testcase classname="tests.integrations.stripe.test_stripe_get_invoices.TestStripeGetInvoices" name="test_mock_mode_filter_by_customer" time="0.001" /><testcase classname="tests.integrations.stripe.test_stripe_get_invoices.TestStripeGetInvoices" name="test_mock_mode_filter_by_status_paid" time="0.001" /><testcase classname="tests.integrations.stripe.test_stripe_get_invoices.TestStripeGetInvoices" name="test_mock_mode_filter_by_status_open" time="0.001" /><testcase classname="tests.integrations.stripe.test_stripe_get_invoices.TestStripeGetInvoices" name="test_mock_mode_filter_by_subscription" time="0.001" /><testcase classname="tests.integrations.stripe.test_stripe_get_invoices.TestStripeGetInvoices" name="test_mock_mode_include_total_count" time="0.001" /><testcase classname="tests.integrations.stripe.test_stripe_get_invoices.TestStripeGetInvoices" name="test_invoice_data_structure" time="0.001" /><testcase classname="tests.integrations.stripe.test_stripe_get_invoices.TestStripeGetInvoices" name="test_validation_invalid_status" time="0.001" /><testcase classname="tests.integrations.stripe.test_stripe_get_invoices.TestStripeGetInvoices" name="test_validation_all_valid_statuses" time="0.003" /><testcase classname="tests.integrations.stripe.test_stripe_get_invoices.TestStripeGetInvoices" name="test_validation_conflicting_pagination" time="0.001" /><testcase classname="tests.integrations.stripe.test_stripe_get_invoices.TestStripeGetInvoices" name="test_validation_invalid_date_ranges" time="0.001" /><testcase classname="tests.integrations.stripe.test_stripe_get_invoices.TestStripeGetInvoices" name="test_validation_invalid_customer_id" time="0.001" /><testcase classname="tests.integrations.stripe.test_stripe_get_invoices.TestStripeGetInvoices" name="test_validation_invalid_subscription_id" time="0.001" /><testcase classname="tests.integrations.stripe.test_stripe_get_invoices.TestStripeGetInvoices" name="test_validation_invalid_invoice_id_formats" time="0.002" /><testcase classname="tests.integrations.stripe.test_stripe_get_invoices.TestStripeGetInvoices" name="test_date_range_filtering" time="0.001" /><testcase classname="tests.integrations.stripe.test_stripe_get_invoices.TestStripeGetInvoices" name="test_due_date_filtering" time="0.001" /><testcase classname="tests.integrations.stripe.test_stripe_get_invoices.TestStripeGetInvoices" name="test_combined_filters" time="0.001" /><testcase classname="tests.integrations.stripe.test_stripe_get_invoices.TestStripeGetInvoices" name="test_pagination_workflow" time="0.001" /><testcase classname="tests.integrations.stripe.test_stripe_get_invoices.TestStripeGetInvoices" name="test_edge_case_minimum_limit" time="0.001" /><testcase classname="tests.integrations.stripe.test_stripe_get_invoices.TestStripeGetInvoices" name="test_edge_case_maximum_limit" time="0.001" /><testcase classname="tests.integrations.stripe.test_stripe_get_invoices.TestStripeGetInvoices" name="test_validation_invalid_limit_values" time="0.000" /><testcase classname="tests.integrations.stripe.test_stripe_get_invoices.TestStripeGetInvoices" name="test_real_api_success" time="0.000"><failure message="AttributeError: &lt;module 'tools.integrations.stripe.stripe_get_invoices' from '/Users/frank/Documents/Code/Genspark/agentswarm-tools/tools/integrations/stripe/stripe_get_invoices.py'&gt; does not have the attribute 'stripe'">E   AttributeError: &lt;module 'tools.integrations.stripe.stripe_get_invoices' from '/Users/frank/Documents/Code/Genspark/agentswarm-tools/tools/integrations/stripe/stripe_get_invoices.py'&gt; does not have the attribute 'stripe'</failure></testcase><testcase classname="tests.integrations.stripe.test_stripe_get_invoices.TestStripeGetInvoices" name="test_real_api_with_filters" time="0.000"><failure message="AttributeError: &lt;module 'tools.integrations.stripe.stripe_get_invoices' from '/Users/frank/Documents/Code/Genspark/agentswarm-tools/tools/integrations/stripe/stripe_get_invoices.py'&gt; does not have the attribute 'stripe'">E   AttributeError: &lt;module 'tools.integrations.stripe.stripe_get_invoices' from '/Users/frank/Documents/Code/Genspark/agentswarm-tools/tools/integrations/stripe/stripe_get_invoices.py'&gt; does not have the attribute 'stripe'</failure></testcase><testcase classname="tests.integrations.stripe.test_stripe_get_invoices.TestStripeGetInvoices" name="test_missing_api_key" time="0.001" /><testcase classname="tests.integrations.stripe.test_stripe_get_invoices.TestStripeGetInvoices" name="test_concurrent_invoice_retrievals" time="0.002" /><testcase classname="tests.integrations.stripe.test_stripe_handle_webhooks.TestStripeHandleWebhooks" name="test_initialization" time="0.000" /><testcase classname="tests.integrations.stripe.test_stripe_handle_webhooks.TestStripeHandleWebhooks" name="test_mock_mode_payment_intent_succeeded" time="0.001" /><testcase classname="tests.integrations.stripe.test_stripe_handle_webhooks.TestStripeHandleWebhooks" name="test_mock_mode_customer_created" time="0.001" /><testcase classname="tests.integrations.stripe.test_stripe_handle_webhooks.TestStripeHandleWebhooks" name="test_mock_mode_invoice_paid" time="0.001" /><testcase classname="tests.integrations.stripe.test_stripe_handle_webhooks.TestStripeHandleWebhooks" name="test_event_type_whitelist_allowed" time="0.001" /><testcase classname="tests.integrations.stripe.test_stripe_handle_webhooks.TestStripeHandleWebhooks" name="test_event_type_whitelist_blocked" time="0.001" /><testcase classname="tests.integrations.stripe.test_stripe_handle_webhooks.TestStripeHandleWebhooks" name="test_validation_invalid_json" time="0.001" /><testcase classname="tests.integrations.stripe.test_stripe_handle_webhooks.TestStripeHandleWebhooks" name="test_validation_missing_required_fields" time="0.001" /><testcase classname="tests.integrations.stripe.test_stripe_handle_webhooks.TestStripeHandleWebhooks" name="test_validation_invalid_event_id_format" time="0.001" /><testcase classname="tests.integrations.stripe.test_stripe_handle_webhooks.TestStripeHandleWebhooks" name="test_validation_invalid_data_structure" time="0.001" /><testcase classname="tests.integrations.stripe.test_stripe_handle_webhooks.TestStripeHandleWebhooks" name="test_signature_verification_valid" time="0.001" /><testcase classname="tests.integrations.stripe.test_stripe_handle_webhooks.TestStripeHandleWebhooks" name="test_signature_verification_invalid_signature" time="0.001" /><testcase classname="tests.integrations.stripe.test_stripe_handle_webhooks.TestStripeHandleWebhooks" name="test_signature_verification_replay_attack_protection" time="0.001" /><testcase classname="tests.integrations.stripe.test_stripe_handle_webhooks.TestStripeHandleWebhooks" name="test_signature_verification_custom_tolerance" time="0.027" /><testcase classname="tests.integrations.stripe.test_stripe_handle_webhooks.TestStripeHandleWebhooks" name="test_signature_verification_invalid_header_format" time="0.001" /><testcase classname="tests.integrations.stripe.test_stripe_handle_webhooks.TestStripeHandleWebhooks" name="test_signature_verification_missing_timestamp" time="0.001" /><testcase classname="tests.integrations.stripe.test_stripe_handle_webhooks.TestStripeHandleWebhooks" name="test_missing_webhook_secret" time="0.001" /><testcase classname="tests.integrations.stripe.test_stripe_handle_webhooks.TestStripeHandleWebhooks" name="test_webhook_secret_parameter" time="0.001" /><testcase classname="tests.integrations.stripe.test_stripe_handle_webhooks.TestStripeHandleWebhooks" name="test_event_data_extraction" time="0.001" /><testcase classname="tests.integrations.stripe.test_stripe_handle_webhooks.TestStripeHandleWebhooks" name="test_all_common_event_types" time="0.000" /><testcase classname="tests.integrations.stripe.test_stripe_handle_webhooks.TestStripeHandleWebhooks" name="test_bytes_payload" time="0.001" /><testcase classname="tests.integrations.stripe.test_stripe_handle_webhooks.TestStripeHandleWebhooks" name="test_skip_validation_warning" time="0.000"><failure message="Failed: DID NOT WARN. No warnings of type (&lt;class 'Warning'&gt;,) were emitted.&#10; Emitted warnings: [].">E   Failed: DID NOT WARN. No warnings of type (&lt;class 'Warning'&gt;,) were emitted.
     Emitted warnings: [].</failure></testcase><testcase classname="tests.integrations.stripe.test_stripe_handle_webhooks.TestStripeHandleWebhooks" name="test_tolerance_edge_cases" time="0.001" /><testcase classname="tests.integrations.stripe.test_stripe_handle_webhooks.TestStripeHandleWebhooks" name="test_validation_invalid_tolerance" time="0.000" /><testcase classname="tests.integrations.stripe.test_stripe_list_customers.TestStripeListCustomers" name="test_initialization" time="0.000" /><testcase classname="tests.integrations.stripe.test_stripe_list_customers.TestStripeListCustomers" name="test_mock_mode_list_all_customers" time="0.001" /><testcase classname="tests.integrations.stripe.test_stripe_list_customers.TestStripeListCustomers" name="test_mock_mode_filter_by_email" time="0.001" /><testcase classname="tests.integrations.stripe.test_stripe_list_customers.TestStripeListCustomers" name="test_mock_mode_custom_limit" time="0.001" /><testcase classname="tests.integrations.stripe.test_stripe_list_customers.TestStripeListCustomers" name="test_mock_mode_date_range_filtering" time="0.001" /><testcase classname="tests.integrations.stripe.test_stripe_list_customers.TestStripeListCustomers" name="test_mock_mode_metadata_filtering" time="0.001" /><testcase classname="tests.integrations.stripe.test_stripe_list_customers.TestStripeListCustomers" name="test_mock_mode_pagination_starting_after" time="0.001" /><testcase classname="tests.integrations.stripe.test_stripe_list_customers.TestStripeListCustomers" name="test_mock_mode_pagination_ending_before" time="0.001" /><testcase classname="tests.integrations.stripe.test_stripe_list_customers.TestStripeListCustomers" name="test_validation_invalid_email_format" time="0.000" /><testcase classname="tests.integrations.stripe.test_stripe_list_customers.TestStripeListCustomers" name="test_validation_conflicting_pagination" time="0.001" /><testcase classname="tests.integrations.stripe.test_stripe_list_customers.TestStripeListCustomers" name="test_validation_invalid_date_range" time="0.001" /><testcase classname="tests.integrations.stripe.test_stripe_list_customers.TestStripeListCustomers" name="test_validation_invalid_starting_after_format" time="0.001" /><testcase classname="tests.integrations.stripe.test_stripe_list_customers.TestStripeListCustomers" name="test_validation_invalid_ending_before_format" time="0.001" /><testcase classname="tests.integrations.stripe.test_stripe_list_customers.TestStripeListCustomers" name="test_validation_invalid_limit_too_small" time="0.000" /><testcase classname="tests.integrations.stripe.test_stripe_list_customers.TestStripeListCustomers" name="test_validation_invalid_limit_too_large" time="0.000" /><testcase classname="tests.integrations.stripe.test_stripe_list_customers.TestStripeListCustomers" name="test_customer_data_structure" time="0.001" /><testcase classname="tests.integrations.stripe.test_stripe_list_customers.TestStripeListCustomers" name="test_filters_applied_metadata" time="0.001" /><testcase classname="tests.integrations.stripe.test_stripe_list_customers.TestStripeListCustomers" name="test_include_deleted_customers" time="0.001" /><testcase classname="tests.integrations.stripe.test_stripe_list_customers.TestStripeListCustomers" name="test_edge_case_minimum_limit" time="0.001" /><testcase classname="tests.integrations.stripe.test_stripe_list_customers.TestStripeListCustomers" name="test_edge_case_maximum_limit" time="0.001" /><testcase classname="tests.integrations.stripe.test_stripe_list_customers.TestStripeListCustomers" name="test_combined_filters" time="0.001" /><testcase classname="tests.integrations.stripe.test_stripe_list_customers.TestStripeListCustomers" name="test_real_api_success" time="0.000"><failure message="AttributeError: &lt;module 'tools.integrations.stripe.stripe_list_customers' from '/Users/frank/Documents/Code/Genspark/agentswarm-tools/tools/integrations/stripe/stripe_list_customers.py'&gt; does not have the attribute 'stripe'">E   AttributeError: &lt;module 'tools.integrations.stripe.stripe_list_customers' from '/Users/frank/Documents/Code/Genspark/agentswarm-tools/tools/integrations/stripe/stripe_list_customers.py'&gt; does not have the attribute 'stripe'</failure></testcase><testcase classname="tests.integrations.stripe.test_stripe_list_customers.TestStripeListCustomers" name="test_real_api_with_email_filter" time="0.000"><failure message="AttributeError: &lt;module 'tools.integrations.stripe.stripe_list_customers' from '/Users/frank/Documents/Code/Genspark/agentswarm-tools/tools/integrations/stripe/stripe_list_customers.py'&gt; does not have the attribute 'stripe'">E   AttributeError: &lt;module 'tools.integrations.stripe.stripe_list_customers' from '/Users/frank/Documents/Code/Genspark/agentswarm-tools/tools/integrations/stripe/stripe_list_customers.py'&gt; does not have the attribute 'stripe'</failure></testcase><testcase classname="tests.integrations.stripe.test_stripe_list_customers.TestStripeListCustomers" name="test_real_api_invalid_request_error" time="0.000"><failure message="AttributeError: &lt;module 'tools.integrations.stripe.stripe_list_customers' from '/Users/frank/Documents/Code/Genspark/agentswarm-tools/tools/integrations/stripe/stripe_list_customers.py'&gt; does not have the attribute 'stripe'">E   AttributeError: &lt;module 'tools.integrations.stripe.stripe_list_customers' from '/Users/frank/Documents/Code/Genspark/agentswarm-tools/tools/integrations/stripe/stripe_list_customers.py'&gt; does not have the attribute 'stripe'</failure></testcase><testcase classname="tests.integrations.stripe.test_stripe_list_customers.TestStripeListCustomers" name="test_real_api_authentication_error" time="0.000"><failure message="AttributeError: &lt;module 'tools.integrations.stripe.stripe_list_customers' from '/Users/frank/Documents/Code/Genspark/agentswarm-tools/tools/integrations/stripe/stripe_list_customers.py'&gt; does not have the attribute 'stripe'">E   AttributeError: &lt;module 'tools.integrations.stripe.stripe_list_customers' from '/Users/frank/Documents/Code/Genspark/agentswarm-tools/tools/integrations/stripe/stripe_list_customers.py'&gt; does not have the attribute 'stripe'</failure></testcase><testcase classname="tests.integrations.stripe.test_stripe_list_customers.TestStripeListCustomers" name="test_missing_api_key" time="0.001" /><testcase classname="tests.integrations.stripe.test_stripe_list_customers.TestStripeListCustomers" name="test_metadata_matching_logic" time="0.001" /><testcase classname="tests.integrations.stripe.test_stripe_list_customers.TestStripeListCustomers" name="test_empty_result_set" time="0.001" /><testcase classname="tests.integrations.stripe.test_stripe_list_customers.TestStripeListCustomers" name="test_pagination_workflow" time="0.001" /><testcase classname="tests.integrations.stripe.test_stripe_list_customers.TestStripeListCustomers" name="test_date_filtering_combinations" time="0.002" /><testcase classname="tests.integrations.stripe.test_stripe_list_customers.TestStripeListCustomers" name="test_concurrent_customer_listings" time="0.002" /><testcase classname="tests.integrations.hubspot.test_hubspot_create_contact.TestHubSpotCreateContact" name="test_single_contact_creation" time="0.001" /><testcase classname="tests.integrations.hubspot.test_hubspot_create_contact.TestHubSpotCreateContact" name="test_contact_with_custom_properties" time="0.001" /><testcase classname="tests.integrations.hubspot.test_hubspot_create_contact.TestHubSpotCreateContact" name="test_contact_with_list_assignments" time="0.001" /><testcase classname="tests.integrations.hubspot.test_hubspot_create_contact.TestHubSpotCreateContact" name="test_batch_contact_creation" time="0.001" /><testcase classname="tests.integrations.hubspot.test_hubspot_create_contact.TestHubSpotCreateContact" name="test_lifecycle_stage_validation" time="0.001"><failure message="AssertionError: assert 'Invalid lifecycle stage' in 'hubspot_create_contact: [VALIDATION_ERROR] Invalid lifecyclestage: invalid_stage. Must be one of: subscriber, lead, marketingqualifiedlead, salesqualifiedlead, opportunity, customer, evangelist, other'&#10; +  where 'hubspot_create_contact: [VALIDATION_ERROR] Invalid lifecyclestage: invalid_stage. Must be one of: subscriber, lead, marketingqualifiedlead, salesqualifiedlead, opportunity, customer, evangelist, other' = str(ValidationError('Invalid lifecyclestage: invalid_stage. Must be one of: subscriber, lead, marketingqualifiedlead, salesqualifiedlead, opportunity, customer, evangelist, other'))&#10; +    where ValidationError('Invalid lifecyclestage: invalid_stage. Must be one of: subscriber, lead, marketingqualifiedlead, salesqualifiedlead, opportunity, customer, evangelist, other') = &lt;ExceptionInfo ValidationError('Invalid lifecyclestage: invalid_stage. Must be one of: subscriber, lead, marketingqualifiedlead, salesqualifiedlead, opportunity, customer, evangelist, other') tblen=5&gt;.value">E   AssertionError: assert 'Invalid lifecycle stage' in 'hubspot_create_contact: [VALIDATION_ERROR] Invalid lifecyclestage: invalid_stage. Must be one of: subscriber, lead, marketingqualifiedlead, salesqualifiedlead, opportunity, customer, evangelist, other'
     +  where 'hubspot_create_contact: [VALIDATION_ERROR] Invalid lifecyclestage: invalid_stage. Must be one of: subscriber, lead, marketingqualifiedlead, salesqualifiedlead, opportunity, customer, evangelist, other' = str(ValidationError('Invalid lifecyclestage: invalid_stage. Must be one of: subscriber, lead, marketingqualifiedlead, salesqualifiedlead, opportunity, customer, evangelist, other'))
     +    where ValidationError('Invalid lifecyclestage: invalid_stage. Must be one of: subscriber, lead, marketingqualifiedlead, salesqualifiedlead, opportunity, customer, evangelist, other') = &lt;ExceptionInfo ValidationError('Invalid lifecyclestage: invalid_stage. Must be one of: subscriber, lead, marketingqualifiedlead, salesqualifiedlead, opportunity, customer, evangelist, other') tblen=5&gt;.value</failure></testcase><testcase classname="tests.integrations.hubspot.test_hubspot_create_contact.TestHubSpotCreateContact" name="test_email_validation" time="0.001" /><testcase classname="tests.integrations.hubspot.test_hubspot_create_contact.TestHubSpotCreateContact" name="test_batch_size_limit" time="0.001"><failure message="Failed: DID NOT RAISE &lt;class 'Exception'&gt;">E   Failed: DID NOT RAISE &lt;class 'Exception'&gt;</failure></testcase><testcase classname="tests.integrations.hubspot.test_hubspot_create_contact.TestHubSpotCreateContact" name="test_batch_contact_email_validation" time="0.001"><failure message="assert &quot;missing required 'email' field&quot; in 'hubspot_create_contact: [VALIDATION_ERROR] Each contact in batch must have an email'&#10; +  where 'hubspot_create_contact: [VALIDATION_ERROR] Each contact in batch must have an email' = str(ValidationError('Each contact in batch must have an email'))&#10; +    where ValidationError('Each contact in batch must have an email') = &lt;ExceptionInfo ValidationError('Each contact in batch must have an email') tblen=5&gt;.value">E   assert "missing required 'email' field" in 'hubspot_create_contact: [VALIDATION_ERROR] Each contact in batch must have an email'
     +  where 'hubspot_create_contact: [VALIDATION_ERROR] Each contact in batch must have an email' = str(ValidationError('Each contact in batch must have an email'))
     +    where ValidationError('Each contact in batch must have an email') = &lt;ExceptionInfo ValidationError('Each contact in batch must have an email') tblen=5&gt;.value</failure></testcase><testcase classname="tests.integrations.hubspot.test_hubspot_create_contact.TestHubSpotCreateContact" name="test_update_if_exists_flag" time="0.001"><failure message="AssertionError: assert 'update_if_exists' in {'tool_name': 'hubspot_create_contact', 'mock_mode': True}">E   AssertionError: assert 'update_if_exists' in {'tool_name': 'hubspot_create_contact', 'mock_mode': True}</failure></testcase><testcase classname="tests.integrations.hubspot.test_hubspot_create_contact.TestHubSpotCreateContact" name="test_properties_building" time="0.001" /><testcase classname="tests.integrations.hubspot.test_hubspot_create_contact.TestHubSpotCreateContact" name="test_mock_mode_enabled" time="0.001" /><testcase classname="tests.integrations.hubspot.test_hubspot_create_contact.TestHubSpotCreateContact" name="test_tool_metadata" time="0.000" /><testcase classname="tests.integrations.hubspot.test_hubspot_create_contact.TestHubSpotCreateContact" name="test_api_call_with_real_mode" time="0.000"><failure message="AttributeError: &lt;module 'tools.integrations.hubspot.hubspot_create_contact' from '/Users/frank/Documents/Code/Genspark/agentswarm-tools/tools/integrations/hubspot/hubspot_create_contact.py'&gt; does not have the attribute 'requests'">E   AttributeError: &lt;module 'tools.integrations.hubspot.hubspot_create_contact' from '/Users/frank/Documents/Code/Genspark/agentswarm-tools/tools/integrations/hubspot/hubspot_create_contact.py'&gt; does not have the attribute 'requests'</failure></testcase><testcase classname="tests.integrations.hubspot.test_hubspot_create_contact.TestHubSpotCreateContact" name="test_authentication_error" time="0.000"><failure message="AttributeError: &lt;module 'tools.integrations.hubspot.hubspot_create_contact' from '/Users/frank/Documents/Code/Genspark/agentswarm-tools/tools/integrations/hubspot/hubspot_create_contact.py'&gt; does not have the attribute 'requests'">E   AttributeError: &lt;module 'tools.integrations.hubspot.hubspot_create_contact' from '/Users/frank/Documents/Code/Genspark/agentswarm-tools/tools/integrations/hubspot/hubspot_create_contact.py'&gt; does not have the attribute 'requests'</failure></testcase><testcase classname="tests.integrations.hubspot.test_hubspot_create_contact.TestHubSpotCreateContact" name="test_empty_batch_validation" time="0.001"><failure message="AssertionError: assert 'non-empty list' in 'hubspot_create_contact: [VALIDATION_ERROR] email is required for single contact creation'&#10; +  where 'hubspot_create_contact: [VALIDATION_ERROR] email is required for single contact creation' = str(ValidationError('email is required for single contact creation'))&#10; +    where ValidationError('email is required for single contact creation') = &lt;ExceptionInfo ValidationError('email is required for single contact creation') tblen=5&gt;.value">E   AssertionError: assert 'non-empty list' in 'hubspot_create_contact: [VALIDATION_ERROR] email is required for single contact creation'
     +  where 'hubspot_create_contact: [VALIDATION_ERROR] email is required for single contact creation' = str(ValidationError('email is required for single contact creation'))
     +    where ValidationError('email is required for single contact creation') = &lt;ExceptionInfo ValidationError('email is required for single contact creation') tblen=5&gt;.value</failure></testcase><testcase classname="tests.integrations.hubspot.test_hubspot_create_contact.TestHubSpotCreateContact" name="test_optional_fields" time="0.001" /><testcase classname="tests.integrations.hubspot.test_hubspot_create_contact.TestHubSpotCreateContact" name="test_contact_id_generation_consistency" time="0.001" /><testcase classname="tests.integrations.hubspot.test_hubspot_create_contact.TestHubSpotCreateContact" name="test_batch_with_custom_properties" time="0.001" /><testcase classname="tests.integrations.hubspot.test_hubspot_get_analytics.TestHubSpotGetAnalytics" name="test_contacts_analytics" time="0.001" /><testcase classname="tests.integrations.hubspot.test_hubspot_get_analytics.TestHubSpotGetAnalytics" name="test_deals_analytics" time="0.001" /><testcase classname="tests.integrations.hubspot.test_hubspot_get_analytics.TestHubSpotGetAnalytics" name="test_pipeline_analytics" time="0.001"><failure message="shared.errors.ValidationError: hubspot_get_analytics: [VALIDATION_ERROR] Invalid time_period: this_quarter. Valid periods: today, yesterday, last_7_days, last_30_days, this_month, last_month, custom">E   shared.errors.ValidationError: hubspot_get_analytics: [VALIDATION_ERROR] Invalid time_period: this_quarter. Valid periods: today, yesterday, last_7_days, last_30_days, this_month, last_month, custom</failure></testcase><testcase classname="tests.integrations.hubspot.test_hubspot_get_analytics.TestHubSpotGetAnalytics" name="test_email_analytics" time="0.001"><failure message="shared.errors.ValidationError: hubspot_get_analytics: [VALIDATION_ERROR] Invalid report_type: emails. Valid types: contacts, deals, pipeline, email, conversions, revenue, engagement, custom">E   shared.errors.ValidationError: hubspot_get_analytics: [VALIDATION_ERROR] Invalid report_type: emails. Valid types: contacts, deals, pipeline, email, conversions, revenue, engagement, custom</failure></testcase><testcase classname="tests.integrations.hubspot.test_hubspot_get_analytics.TestHubSpotGetAnalytics" name="test_conversions_analytics" time="0.001" /><testcase classname="tests.integrations.hubspot.test_hubspot_get_analytics.TestHubSpotGetAnalytics" name="test_revenue_analytics" time="0.001"><failure message="shared.errors.ValidationError: hubspot_get_analytics: [VALIDATION_ERROR] Invalid time_period: this_year. Valid periods: today, yesterday, last_7_days, last_30_days, this_month, last_month, custom">E   shared.errors.ValidationError: hubspot_get_analytics: [VALIDATION_ERROR] Invalid time_period: this_year. Valid periods: today, yesterday, last_7_days, last_30_days, this_month, last_month, custom</failure></testcase><testcase classname="tests.integrations.hubspot.test_hubspot_get_analytics.TestHubSpotGetAnalytics" name="test_engagement_analytics" time="0.001" /><testcase classname="tests.integrations.hubspot.test_hubspot_get_analytics.TestHubSpotGetAnalytics" name="test_analytics_with_metrics_filter" time="0.001" /><testcase classname="tests.integrations.hubspot.test_hubspot_get_analytics.TestHubSpotGetAnalytics" name="test_analytics_grouped_by_day" time="0.004" /><testcase classname="tests.integrations.hubspot.test_hubspot_get_analytics.TestHubSpotGetAnalytics" name="test_analytics_grouped_by_stage" time="0.001" /><testcase classname="tests.integrations.hubspot.test_hubspot_get_analytics.TestHubSpotGetAnalytics" name="test_time_range_calculation_today" time="0.001" /><testcase classname="tests.integrations.hubspot.test_hubspot_get_analytics.TestHubSpotGetAnalytics" name="test_time_range_calculation_last_7_days" time="0.001" /><testcase classname="tests.integrations.hubspot.test_hubspot_get_analytics.TestHubSpotGetAnalytics" name="test_custom_date_range" time="0.001" /><testcase classname="tests.integrations.hubspot.test_hubspot_get_analytics.TestHubSpotGetAnalytics" name="test_analytics_with_owner_filter" time="0.001" /><testcase classname="tests.integrations.hubspot.test_hubspot_get_analytics.TestHubSpotGetAnalytics" name="test_analytics_with_pipeline_filter" time="0.001"><failure message="shared.errors.ValidationError: hubspot_get_analytics: [VALIDATION_ERROR] Invalid time_period: this_quarter. Valid periods: today, yesterday, last_7_days, last_30_days, this_month, last_month, custom">E   shared.errors.ValidationError: hubspot_get_analytics: [VALIDATION_ERROR] Invalid time_period: this_quarter. Valid periods: today, yesterday, last_7_days, last_30_days, this_month, last_month, custom</failure></testcase><testcase classname="tests.integrations.hubspot.test_hubspot_get_analytics.TestHubSpotGetAnalytics" name="test_analytics_with_limit" time="0.001" /><testcase classname="tests.integrations.hubspot.test_hubspot_get_analytics.TestHubSpotGetAnalytics" name="test_analytics_summary" time="0.001" /><testcase classname="tests.integrations.hubspot.test_hubspot_get_analytics.TestHubSpotGetAnalytics" name="test_invalid_report_type" time="0.001" /><testcase classname="tests.integrations.hubspot.test_hubspot_get_analytics.TestHubSpotGetAnalytics" name="test_invalid_time_period" time="0.001" /><testcase classname="tests.integrations.hubspot.test_hubspot_get_analytics.TestHubSpotGetAnalytics" name="test_invalid_group_by" time="0.001" /><testcase classname="tests.integrations.hubspot.test_hubspot_get_analytics.TestHubSpotGetAnalytics" name="test_invalid_date_format" time="0.001"><failure message="AssertionError: assert 'YYYY-MM-DD format' in 'hubspot_get_analytics: [VALIDATION_ERROR] Invalid date format. Use YYYY-MM-DD'&#10; +  where 'hubspot_get_analytics: [VALIDATION_ERROR] Invalid date format. Use YYYY-MM-DD' = str(ValidationError('Invalid date format. Use YYYY-MM-DD'))&#10; +    where ValidationError('Invalid date format. Use YYYY-MM-DD') = &lt;ExceptionInfo ValidationError('Invalid date format. Use YYYY-MM-DD') tblen=5&gt;.value">E   AssertionError: assert 'YYYY-MM-DD format' in 'hubspot_get_analytics: [VALIDATION_ERROR] Invalid date format. Use YYYY-MM-DD'
     +  where 'hubspot_get_analytics: [VALIDATION_ERROR] Invalid date format. Use YYYY-MM-DD' = str(ValidationError('Invalid date format. Use YYYY-MM-DD'))
     +    where ValidationError('Invalid date format. Use YYYY-MM-DD') = &lt;ExceptionInfo ValidationError('Invalid date format. Use YYYY-MM-DD') tblen=5&gt;.value</failure></testcase><testcase classname="tests.integrations.hubspot.test_hubspot_get_analytics.TestHubSpotGetAnalytics" name="test_start_date_after_end_date" time="0.001"><failure message="AssertionError: assert 'cannot be after end_date' in 'hubspot_get_analytics: [VALIDATION_ERROR] start_date must be before or equal to end_date'&#10; +  where 'hubspot_get_analytics: [VALIDATION_ERROR] start_date must be before or equal to end_date' = str(ValidationError('start_date must be before or equal to end_date'))&#10; +    where ValidationError('start_date must be before or equal to end_date') = &lt;ExceptionInfo ValidationError('start_date must be before or equal to end_date') tblen=5&gt;.value">E   AssertionError: assert 'cannot be after end_date' in 'hubspot_get_analytics: [VALIDATION_ERROR] start_date must be before or equal to end_date'
     +  where 'hubspot_get_analytics: [VALIDATION_ERROR] start_date must be before or equal to end_date' = str(ValidationError('start_date must be before or equal to end_date'))
     +    where ValidationError('start_date must be before or equal to end_date') = &lt;ExceptionInfo ValidationError('start_date must be before or equal to end_date') tblen=5&gt;.value</failure></testcase><testcase classname="tests.integrations.hubspot.test_hubspot_get_analytics.TestHubSpotGetAnalytics" name="test_custom_report_requires_id" time="0.001"><failure message="AssertionError: assert 'custom_report_id is required' in 'hubspot_get_analytics: [VALIDATION_ERROR] report_id is required for custom reports'&#10; +  where 'hubspot_get_analytics: [VALIDATION_ERROR] report_id is required for custom reports' = str(ValidationError('report_id is required for custom reports'))&#10; +    where ValidationError('report_id is required for custom reports') = &lt;ExceptionInfo ValidationError('report_id is required for custom reports') tblen=5&gt;.value">E   AssertionError: assert 'custom_report_id is required' in 'hubspot_get_analytics: [VALIDATION_ERROR] report_id is required for custom reports'
     +  where 'hubspot_get_analytics: [VALIDATION_ERROR] report_id is required for custom reports' = str(ValidationError('report_id is required for custom reports'))
     +    where ValidationError('report_id is required for custom reports') = &lt;ExceptionInfo ValidationError('report_id is required for custom reports') tblen=5&gt;.value</failure></testcase><testcase classname="tests.integrations.hubspot.test_hubspot_get_analytics.TestHubSpotGetAnalytics" name="test_custom_report_with_id" time="0.001" /><testcase classname="tests.integrations.hubspot.test_hubspot_get_analytics.TestHubSpotGetAnalytics" name="test_analytics_with_properties" time="0.001" /><testcase classname="tests.integrations.hubspot.test_hubspot_get_analytics.TestHubSpotGetAnalytics" name="test_analytics_include_details_false" time="0.001" /><testcase classname="tests.integrations.hubspot.test_hubspot_get_analytics.TestHubSpotGetAnalytics" name="test_time_period_this_month" time="0.001" /><testcase classname="tests.integrations.hubspot.test_hubspot_get_analytics.TestHubSpotGetAnalytics" name="test_tool_metadata" time="0.000" /><testcase classname="tests.integrations.hubspot.test_hubspot_get_analytics.TestHubSpotGetAnalytics" name="test_metadata_in_result" time="0.001" /><testcase classname="tests.integrations.hubspot.test_hubspot_get_analytics.TestHubSpotGetAnalytics" name="test_api_call_structure" time="0.000"><failure message="AttributeError: &lt;module 'tools.integrations.hubspot.hubspot_get_analytics' from '/Users/frank/Documents/Code/Genspark/agentswarm-tools/tools/integrations/hubspot/hubspot_get_analytics.py'&gt; does not have the attribute 'requests'">E   AttributeError: &lt;module 'tools.integrations.hubspot.hubspot_get_analytics' from '/Users/frank/Documents/Code/Genspark/agentswarm-tools/tools/integrations/hubspot/hubspot_get_analytics.py'&gt; does not have the attribute 'requests'</failure></testcase><testcase classname="tests.integrations.hubspot.test_hubspot_send_email.TestHubSpotSendEmail" name="test_send_templated_email" time="0.001" /><testcase classname="tests.integrations.hubspot.test_hubspot_send_email.TestHubSpotSendEmail" name="test_send_custom_email" time="0.001" /><testcase classname="tests.integrations.hubspot.test_hubspot_send_email.TestHubSpotSendEmail" name="test_send_to_single_recipient" time="0.001" /><testcase classname="tests.integrations.hubspot.test_hubspot_send_email.TestHubSpotSendEmail" name="test_email_with_personalization" time="0.001" /><testcase classname="tests.integrations.hubspot.test_hubspot_send_email.TestHubSpotSendEmail" name="test_email_tracking_options" time="0.001" /><testcase classname="tests.integrations.hubspot.test_hubspot_send_email.TestHubSpotSendEmail" name="test_scheduled_email" time="0.001" /><testcase classname="tests.integrations.hubspot.test_hubspot_send_email.TestHubSpotSendEmail" name="test_email_with_campaign" time="0.001" /><testcase classname="tests.integrations.hubspot.test_hubspot_send_email.TestHubSpotSendEmail" name="test_batch_email_sending" time="0.001"><failure message="shared.errors.ValidationError: hubspot_send_email: [VALIDATION_ERROR] Each email in batch must have recipients">E   shared.errors.ValidationError: hubspot_send_email: [VALIDATION_ERROR] Each email in batch must have recipients</failure></testcase><testcase classname="tests.integrations.hubspot.test_hubspot_send_email.TestHubSpotSendEmail" name="test_missing_content_error" time="0.001"><failure message="AssertionError: assert 'template_id or both subject and body' in 'hubspot_send_email: [VALIDATION_ERROR] Must provide either template_id or custom_content (subject and body)'&#10; +  where 'hubspot_send_email: [VALIDATION_ERROR] Must provide either template_id or custom_content (subject and body)' = str(ValidationError('Must provide either template_id or custom_content (subject and body)'))&#10; +    where ValidationError('Must provide either template_id or custom_content (subject and body)') = &lt;ExceptionInfo ValidationError('Must provide either template_id or custom_content (subject and body)') tblen=5&gt;.value">E   AssertionError: assert 'template_id or both subject and body' in 'hubspot_send_email: [VALIDATION_ERROR] Must provide either template_id or custom_content (subject and body)'
     +  where 'hubspot_send_email: [VALIDATION_ERROR] Must provide either template_id or custom_content (subject and body)' = str(ValidationError('Must provide either template_id or custom_content (subject and body)'))
     +    where ValidationError('Must provide either template_id or custom_content (subject and body)') = &lt;ExceptionInfo ValidationError('Must provide either template_id or custom_content (subject and body)') tblen=5&gt;.value</failure></testcase><testcase classname="tests.integrations.hubspot.test_hubspot_send_email.TestHubSpotSendEmail" name="test_missing_recipients_error" time="0.001" /><testcase classname="tests.integrations.hubspot.test_hubspot_send_email.TestHubSpotSendEmail" name="test_missing_from_email_error" time="0.001" /><testcase classname="tests.integrations.hubspot.test_hubspot_send_email.TestHubSpotSendEmail" name="test_scheduled_time_conflict" time="0.001"><failure message="AssertionError: assert 'Cannot set scheduled_time when send_immediately is True' in 'hubspot_send_email: [VALIDATION_ERROR] Cannot specify both scheduled_time and send_immediately'&#10; +  where 'hubspot_send_email: [VALIDATION_ERROR] Cannot specify both scheduled_time and send_immediately' = str(ValidationError('Cannot specify both scheduled_time and send_immediately'))&#10; +    where ValidationError('Cannot specify both scheduled_time and send_immediately') = &lt;ExceptionInfo ValidationError('Cannot specify both scheduled_time and send_immediately') tblen=5&gt;.value">E   AssertionError: assert 'Cannot set scheduled_time when send_immediately is True' in 'hubspot_send_email: [VALIDATION_ERROR] Cannot specify both scheduled_time and send_immediately'
     +  where 'hubspot_send_email: [VALIDATION_ERROR] Cannot specify both scheduled_time and send_immediately' = str(ValidationError('Cannot specify both scheduled_time and send_immediately'))
     +    where ValidationError('Cannot specify both scheduled_time and send_immediately') = &lt;ExceptionInfo ValidationError('Cannot specify both scheduled_time and send_immediately') tblen=5&gt;.value</failure></testcase><testcase classname="tests.integrations.hubspot.test_hubspot_send_email.TestHubSpotSendEmail" name="test_invalid_scheduled_time_format" time="0.001"><failure message="Failed: DID NOT RAISE &lt;class 'Exception'&gt;">E   Failed: DID NOT RAISE &lt;class 'Exception'&gt;</failure></testcase><testcase classname="tests.integrations.hubspot.test_hubspot_send_email.TestHubSpotSendEmail" name="test_batch_size_limit" time="0.001"><failure message="AssertionError: assert 'cannot exceed 10' in 'hubspot_send_email: [VALIDATION_ERROR] Each email in batch must have recipients'&#10; +  where 'hubspot_send_email: [VALIDATION_ERROR] Each email in batch must have recipients' = str(ValidationError('Each email in batch must have recipients'))&#10; +    where ValidationError('Each email in batch must have recipients') = &lt;ExceptionInfo ValidationError('Each email in batch must have recipients') tblen=5&gt;.value">E   AssertionError: assert 'cannot exceed 10' in 'hubspot_send_email: [VALIDATION_ERROR] Each email in batch must have recipients'
     +  where 'hubspot_send_email: [VALIDATION_ERROR] Each email in batch must have recipients' = str(ValidationError('Each email in batch must have recipients'))
     +    where ValidationError('Each email in batch must have recipients') = &lt;ExceptionInfo ValidationError('Each email in batch must have recipients') tblen=5&gt;.value</failure></testcase><testcase classname="tests.integrations.hubspot.test_hubspot_send_email.TestHubSpotSendEmail" name="test_batch_email_validation" time="0.001"><failure message="AssertionError: assert 'must have template_id or subject+body' in 'hubspot_send_email: [VALIDATION_ERROR] Each email in batch must have recipients'&#10; +  where 'hubspot_send_email: [VALIDATION_ERROR] Each email in batch must have recipients' = str(ValidationError('Each email in batch must have recipients'))&#10; +    where ValidationError('Each email in batch must have recipients') = &lt;ExceptionInfo ValidationError('Each email in batch must have recipients') tblen=5&gt;.value">E   AssertionError: assert 'must have template_id or subject+body' in 'hubspot_send_email: [VALIDATION_ERROR] Each email in batch must have recipients'
     +  where 'hubspot_send_email: [VALIDATION_ERROR] Each email in batch must have recipients' = str(ValidationError('Each email in batch must have recipients'))
     +    where ValidationError('Each email in batch must have recipients') = &lt;ExceptionInfo ValidationError('Each email in batch must have recipients') tblen=5&gt;.value</failure></testcase><testcase classname="tests.integrations.hubspot.test_hubspot_send_email.TestHubSpotSendEmail" name="test_email_with_reply_to" time="0.001" /><testcase classname="tests.integrations.hubspot.test_hubspot_send_email.TestHubSpotSendEmail" name="test_email_with_reminder" time="0.001" /><testcase classname="tests.integrations.hubspot.test_hubspot_send_email.TestHubSpotSendEmail" name="test_contact_properties_personalization" time="0.001" /><testcase classname="tests.integrations.hubspot.test_hubspot_send_email.TestHubSpotSendEmail" name="test_email_to_multiple_lists" time="0.001" /><testcase classname="tests.integrations.hubspot.test_hubspot_send_email.TestHubSpotSendEmail" name="test_tool_metadata" time="0.000" /><testcase classname="tests.integrations.hubspot.test_hubspot_send_email.TestHubSpotSendEmail" name="test_tracking_disabled" time="0.001" /><testcase classname="tests.integrations.hubspot.test_hubspot_send_email.TestHubSpotSendEmail" name="test_api_call_structure" time="0.000"><failure message="AttributeError: &lt;module 'tools.integrations.hubspot.hubspot_send_email' from '/Users/frank/Documents/Code/Genspark/agentswarm-tools/tools/integrations/hubspot/hubspot_send_email.py'&gt; does not have the attribute 'requests'">E   AttributeError: &lt;module 'tools.integrations.hubspot.hubspot_send_email' from '/Users/frank/Documents/Code/Genspark/agentswarm-tools/tools/integrations/hubspot/hubspot_send_email.py'&gt; does not have the attribute 'requests'</failure></testcase><testcase classname="tests.integrations.hubspot.test_hubspot_sync_calendar.TestHubSpotSyncCalendar" name="test_create_meeting" time="0.001"><failure message="shared.errors.ValidationError: hubspot_sync_calendar: [VALIDATION_ERROR] Invalid operation: create_meeting. Valid operations: create, update, delete, list">E   shared.errors.ValidationError: hubspot_sync_calendar: [VALIDATION_ERROR] Invalid operation: create_meeting. Valid operations: create, update, delete, list</failure></testcase><testcase classname="tests.integrations.hubspot.test_hubspot_sync_calendar.TestHubSpotSyncCalendar" name="test_create_meeting_with_attendees" time="0.001"><failure message="shared.errors.ValidationError: hubspot_sync_calendar: [VALIDATION_ERROR] Invalid operation: create_meeting. Valid operations: create, update, delete, list">E   shared.errors.ValidationError: hubspot_sync_calendar: [VALIDATION_ERROR] Invalid operation: create_meeting. Valid operations: create, update, delete, list</failure></testcase><testcase classname="tests.integrations.hubspot.test_hubspot_sync_calendar.TestHubSpotSyncCalendar" name="test_create_meeting_with_type" time="0.001"><failure message="shared.errors.ValidationError: hubspot_sync_calendar: [VALIDATION_ERROR] Invalid operation: create_meeting. Valid operations: create, update, delete, list">E   shared.errors.ValidationError: hubspot_sync_calendar: [VALIDATION_ERROR] Invalid operation: create_meeting. Valid operations: create, update, delete, list</failure></testcase><testcase classname="tests.integrations.hubspot.test_hubspot_sync_calendar.TestHubSpotSyncCalendar" name="test_update_meeting" time="0.001"><failure message="shared.errors.ValidationError: hubspot_sync_calendar: [VALIDATION_ERROR] Invalid operation: update_meeting. Valid operations: create, update, delete, list">E   shared.errors.ValidationError: hubspot_sync_calendar: [VALIDATION_ERROR] Invalid operation: update_meeting. Valid operations: create, update, delete, list</failure></testcase><testcase classname="tests.integrations.hubspot.test_hubspot_sync_calendar.TestHubSpotSyncCalendar" name="test_update_meeting_outcome" time="0.001"><failure message="shared.errors.ValidationError: hubspot_sync_calendar: [VALIDATION_ERROR] Invalid operation: update_meeting. Valid operations: create, update, delete, list">E   shared.errors.ValidationError: hubspot_sync_calendar: [VALIDATION_ERROR] Invalid operation: update_meeting. Valid operations: create, update, delete, list</failure></testcase><testcase classname="tests.integrations.hubspot.test_hubspot_sync_calendar.TestHubSpotSyncCalendar" name="test_delete_meeting" time="0.001"><failure message="shared.errors.ValidationError: hubspot_sync_calendar: [VALIDATION_ERROR] Invalid operation: delete_meeting. Valid operations: create, update, delete, list">E   shared.errors.ValidationError: hubspot_sync_calendar: [VALIDATION_ERROR] Invalid operation: delete_meeting. Valid operations: create, update, delete, list</failure></testcase><testcase classname="tests.integrations.hubspot.test_hubspot_sync_calendar.TestHubSpotSyncCalendar" name="test_hubspot_to_google_sync" time="0.001"><failure message="shared.errors.ValidationError: hubspot_sync_calendar: [VALIDATION_ERROR] Invalid operation: hubspot_to_google. Valid operations: create, update, delete, list">E   shared.errors.ValidationError: hubspot_sync_calendar: [VALIDATION_ERROR] Invalid operation: hubspot_to_google. Valid operations: create, update, delete, list</failure></testcase><testcase classname="tests.integrations.hubspot.test_hubspot_sync_calendar.TestHubSpotSyncCalendar" name="test_google_to_hubspot_sync" time="0.001"><failure message="shared.errors.ValidationError: hubspot_sync_calendar: [VALIDATION_ERROR] Invalid operation: google_to_hubspot. Valid operations: create, update, delete, list">E   shared.errors.ValidationError: hubspot_sync_calendar: [VALIDATION_ERROR] Invalid operation: google_to_hubspot. Valid operations: create, update, delete, list</failure></testcase><testcase classname="tests.integrations.hubspot.test_hubspot_sync_calendar.TestHubSpotSyncCalendar" name="test_bidirectional_sync" time="0.001"><failure message="shared.errors.ValidationError: hubspot_sync_calendar: [VALIDATION_ERROR] Invalid operation: bidirectional. Valid operations: create, update, delete, list">E   shared.errors.ValidationError: hubspot_sync_calendar: [VALIDATION_ERROR] Invalid operation: bidirectional. Valid operations: create, update, delete, list</failure></testcase><testcase classname="tests.integrations.hubspot.test_hubspot_sync_calendar.TestHubSpotSyncCalendar" name="test_sync_with_interval" time="0.001"><failure message="shared.errors.ValidationError: hubspot_sync_calendar: [VALIDATION_ERROR] Invalid operation: hubspot_to_google. Valid operations: create, update, delete, list">E   shared.errors.ValidationError: hubspot_sync_calendar: [VALIDATION_ERROR] Invalid operation: hubspot_to_google. Valid operations: create, update, delete, list</failure></testcase><testcase classname="tests.integrations.hubspot.test_hubspot_sync_calendar.TestHubSpotSyncCalendar" name="test_sync_with_owner_filter" time="0.001"><failure message="shared.errors.ValidationError: hubspot_sync_calendar: [VALIDATION_ERROR] Invalid operation: hubspot_to_google. Valid operations: create, update, delete, list">E   shared.errors.ValidationError: hubspot_sync_calendar: [VALIDATION_ERROR] Invalid operation: hubspot_to_google. Valid operations: create, update, delete, list</failure></testcase><testcase classname="tests.integrations.hubspot.test_hubspot_sync_calendar.TestHubSpotSyncCalendar" name="test_sync_including_past_events" time="0.001"><failure message="shared.errors.ValidationError: hubspot_sync_calendar: [VALIDATION_ERROR] Invalid operation: bidirectional. Valid operations: create, update, delete, list">E   shared.errors.ValidationError: hubspot_sync_calendar: [VALIDATION_ERROR] Invalid operation: bidirectional. Valid operations: create, update, delete, list</failure></testcase><testcase classname="tests.integrations.hubspot.test_hubspot_sync_calendar.TestHubSpotSyncCalendar" name="test_meeting_with_notifications" time="0.001"><failure message="shared.errors.ValidationError: hubspot_sync_calendar: [VALIDATION_ERROR] Invalid operation: create_meeting. Valid operations: create, update, delete, list">E   shared.errors.ValidationError: hubspot_sync_calendar: [VALIDATION_ERROR] Invalid operation: create_meeting. Valid operations: create, update, delete, list</failure></testcase><testcase classname="tests.integrations.hubspot.test_hubspot_sync_calendar.TestHubSpotSyncCalendar" name="test_meeting_with_custom_calendar" time="0.001"><failure message="shared.errors.ValidationError: hubspot_sync_calendar: [VALIDATION_ERROR] Invalid operation: create_meeting. Valid operations: create, update, delete, list">E   shared.errors.ValidationError: hubspot_sync_calendar: [VALIDATION_ERROR] Invalid operation: create_meeting. Valid operations: create, update, delete, list</failure></testcase><testcase classname="tests.integrations.hubspot.test_hubspot_sync_calendar.TestHubSpotSyncCalendar" name="test_invalid_operation" time="0.001" /><testcase classname="tests.integrations.hubspot.test_hubspot_sync_calendar.TestHubSpotSyncCalendar" name="test_create_meeting_missing_title" time="0.001"><failure message="AssertionError: assert 'requires title' in 'hubspot_sync_calendar: [VALIDATION_ERROR] Invalid operation: create_meeting. Valid operations: create, update, delete, list'&#10; +  where 'hubspot_sync_calendar: [VALIDATION_ERROR] Invalid operation: create_meeting. Valid operations: create, update, delete, list' = str(ValidationError('Invalid operation: create_meeting. Valid operations: create, update, delete, list'))&#10; +    where ValidationError('Invalid operation: create_meeting. Valid operations: create, update, delete, list') = &lt;ExceptionInfo ValidationError('Invalid operation: create_meeting. Valid operations: create, update, delete, list') tblen=5&gt;.value">E   AssertionError: assert 'requires title' in 'hubspot_sync_calendar: [VALIDATION_ERROR] Invalid operation: create_meeting. Valid operations: create, update, delete, list'
     +  where 'hubspot_sync_calendar: [VALIDATION_ERROR] Invalid operation: create_meeting. Valid operations: create, update, delete, list' = str(ValidationError('Invalid operation: create_meeting. Valid operations: create, update, delete, list'))
     +    where ValidationError('Invalid operation: create_meeting. Valid operations: create, update, delete, list') = &lt;ExceptionInfo ValidationError('Invalid operation: create_meeting. Valid operations: create, update, delete, list') tblen=5&gt;.value</failure></testcase><testcase classname="tests.integrations.hubspot.test_hubspot_sync_calendar.TestHubSpotSyncCalendar" name="test_create_meeting_missing_times" time="0.001"><failure message="AssertionError: assert 'requires title, start_time, and end_time' in 'hubspot_sync_calendar: [VALIDATION_ERROR] Invalid operation: create_meeting. Valid operations: create, update, delete, list'&#10; +  where 'hubspot_sync_calendar: [VALIDATION_ERROR] Invalid operation: create_meeting. Valid operations: create, update, delete, list' = str(ValidationError('Invalid operation: create_meeting. Valid operations: create, update, delete, list'))&#10; +    where ValidationError('Invalid operation: create_meeting. Valid operations: create, update, delete, list') = &lt;ExceptionInfo ValidationError('Invalid operation: create_meeting. Valid operations: create, update, delete, list') tblen=5&gt;.value">E   AssertionError: assert 'requires title, start_time, and end_time' in 'hubspot_sync_calendar: [VALIDATION_ERROR] Invalid operation: create_meeting. Valid operations: create, update, delete, list'
     +  where 'hubspot_sync_calendar: [VALIDATION_ERROR] Invalid operation: create_meeting. Valid operations: create, update, delete, list' = str(ValidationError('Invalid operation: create_meeting. Valid operations: create, update, delete, list'))
     +    where ValidationError('Invalid operation: create_meeting. Valid operations: create, update, delete, list') = &lt;ExceptionInfo ValidationError('Invalid operation: create_meeting. Valid operations: create, update, delete, list') tblen=5&gt;.value</failure></testcase><testcase classname="tests.integrations.hubspot.test_hubspot_sync_calendar.TestHubSpotSyncCalendar" name="test_invalid_time_format" time="0.001"><failure message="AssertionError: assert 'ISO 8601 format' in 'hubspot_sync_calendar: [VALIDATION_ERROR] Invalid operation: create_meeting. Valid operations: create, update, delete, list'&#10; +  where 'hubspot_sync_calendar: [VALIDATION_ERROR] Invalid operation: create_meeting. Valid operations: create, update, delete, list' = str(ValidationError('Invalid operation: create_meeting. Valid operations: create, update, delete, list'))&#10; +    where ValidationError('Invalid operation: create_meeting. Valid operations: create, update, delete, list') = &lt;ExceptionInfo ValidationError('Invalid operation: create_meeting. Valid operations: create, update, delete, list') tblen=5&gt;.value">E   AssertionError: assert 'ISO 8601 format' in 'hubspot_sync_calendar: [VALIDATION_ERROR] Invalid operation: create_meeting. Valid operations: create, update, delete, list'
     +  where 'hubspot_sync_calendar: [VALIDATION_ERROR] Invalid operation: create_meeting. Valid operations: create, update, delete, list' = str(ValidationError('Invalid operation: create_meeting. Valid operations: create, update, delete, list'))
     +    where ValidationError('Invalid operation: create_meeting. Valid operations: create, update, delete, list') = &lt;ExceptionInfo ValidationError('Invalid operation: create_meeting. Valid operations: create, update, delete, list') tblen=5&gt;.value</failure></testcase><testcase classname="tests.integrations.hubspot.test_hubspot_sync_calendar.TestHubSpotSyncCalendar" name="test_start_time_after_end_time" time="0.001"><failure message="AssertionError: assert 'start_time must be before end_time' in 'hubspot_sync_calendar: [VALIDATION_ERROR] Invalid operation: create_meeting. Valid operations: create, update, delete, list'&#10; +  where 'hubspot_sync_calendar: [VALIDATION_ERROR] Invalid operation: create_meeting. Valid operations: create, update, delete, list' = str(ValidationError('Invalid operation: create_meeting. Valid operations: create, update, delete, list'))&#10; +    where ValidationError('Invalid operation: create_meeting. Valid operations: create, update, delete, list') = &lt;ExceptionInfo ValidationError('Invalid operation: create_meeting. Valid operations: create, update, delete, list') tblen=5&gt;.value">E   AssertionError: assert 'start_time must be before end_time' in 'hubspot_sync_calendar: [VALIDATION_ERROR] Invalid operation: create_meeting. Valid operations: create, update, delete, list'
     +  where 'hubspot_sync_calendar: [VALIDATION_ERROR] Invalid operation: create_meeting. Valid operations: create, update, delete, list' = str(ValidationError('Invalid operation: create_meeting. Valid operations: create, update, delete, list'))
     +    where ValidationError('Invalid operation: create_meeting. Valid operations: create, update, delete, list') = &lt;ExceptionInfo ValidationError('Invalid operation: create_meeting. Valid operations: create, update, delete, list') tblen=5&gt;.value</failure></testcase><testcase classname="tests.integrations.hubspot.test_hubspot_sync_calendar.TestHubSpotSyncCalendar" name="test_update_meeting_requires_id" time="0.001"><failure message="AssertionError: assert 'requires meeting_id' in 'hubspot_sync_calendar: [VALIDATION_ERROR] Invalid operation: update_meeting. Valid operations: create, update, delete, list'&#10; +  where 'hubspot_sync_calendar: [VALIDATION_ERROR] Invalid operation: update_meeting. Valid operations: create, update, delete, list' = str(ValidationError('Invalid operation: update_meeting. Valid operations: create, update, delete, list'))&#10; +    where ValidationError('Invalid operation: update_meeting. Valid operations: create, update, delete, list') = &lt;ExceptionInfo ValidationError('Invalid operation: update_meeting. Valid operations: create, update, delete, list') tblen=5&gt;.value">E   AssertionError: assert 'requires meeting_id' in 'hubspot_sync_calendar: [VALIDATION_ERROR] Invalid operation: update_meeting. Valid operations: create, update, delete, list'
     +  where 'hubspot_sync_calendar: [VALIDATION_ERROR] Invalid operation: update_meeting. Valid operations: create, update, delete, list' = str(ValidationError('Invalid operation: update_meeting. Valid operations: create, update, delete, list'))
     +    where ValidationError('Invalid operation: update_meeting. Valid operations: create, update, delete, list') = &lt;ExceptionInfo ValidationError('Invalid operation: update_meeting. Valid operations: create, update, delete, list') tblen=5&gt;.value</failure></testcase><testcase classname="tests.integrations.hubspot.test_hubspot_sync_calendar.TestHubSpotSyncCalendar" name="test_delete_meeting_requires_id" time="0.001"><failure message="AssertionError: assert 'requires meeting_id' in 'hubspot_sync_calendar: [VALIDATION_ERROR] Invalid operation: delete_meeting. Valid operations: create, update, delete, list'&#10; +  where 'hubspot_sync_calendar: [VALIDATION_ERROR] Invalid operation: delete_meeting. Valid operations: create, update, delete, list' = str(ValidationError('Invalid operation: delete_meeting. Valid operations: create, update, delete, list'))&#10; +    where ValidationError('Invalid operation: delete_meeting. Valid operations: create, update, delete, list') = &lt;ExceptionInfo ValidationError('Invalid operation: delete_meeting. Valid operations: create, update, delete, list') tblen=5&gt;.value">E   AssertionError: assert 'requires meeting_id' in 'hubspot_sync_calendar: [VALIDATION_ERROR] Invalid operation: delete_meeting. Valid operations: create, update, delete, list'
     +  where 'hubspot_sync_calendar: [VALIDATION_ERROR] Invalid operation: delete_meeting. Valid operations: create, update, delete, list' = str(ValidationError('Invalid operation: delete_meeting. Valid operations: create, update, delete, list'))
     +    where ValidationError('Invalid operation: delete_meeting. Valid operations: create, update, delete, list') = &lt;ExceptionInfo ValidationError('Invalid operation: delete_meeting. Valid operations: create, update, delete, list') tblen=5&gt;.value</failure></testcase><testcase classname="tests.integrations.hubspot.test_hubspot_sync_calendar.TestHubSpotSyncCalendar" name="test_invalid_meeting_type" time="0.001"><failure message="AssertionError: assert 'Invalid meeting_type' in 'hubspot_sync_calendar: [VALIDATION_ERROR] Invalid operation: create_meeting. Valid operations: create, update, delete, list'&#10; +  where 'hubspot_sync_calendar: [VALIDATION_ERROR] Invalid operation: create_meeting. Valid operations: create, update, delete, list' = str(ValidationError('Invalid operation: create_meeting. Valid operations: create, update, delete, list'))&#10; +    where ValidationError('Invalid operation: create_meeting. Valid operations: create, update, delete, list') = &lt;ExceptionInfo ValidationError('Invalid operation: create_meeting. Valid operations: create, update, delete, list') tblen=5&gt;.value">E   AssertionError: assert 'Invalid meeting_type' in 'hubspot_sync_calendar: [VALIDATION_ERROR] Invalid operation: create_meeting. Valid operations: create, update, delete, list'
     +  where 'hubspot_sync_calendar: [VALIDATION_ERROR] Invalid operation: create_meeting. Valid operations: create, update, delete, list' = str(ValidationError('Invalid operation: create_meeting. Valid operations: create, update, delete, list'))
     +    where ValidationError('Invalid operation: create_meeting. Valid operations: create, update, delete, list') = &lt;ExceptionInfo ValidationError('Invalid operation: create_meeting. Valid operations: create, update, delete, list') tblen=5&gt;.value</failure></testcase><testcase classname="tests.integrations.hubspot.test_hubspot_sync_calendar.TestHubSpotSyncCalendar" name="test_invalid_outcome" time="0.001"><failure message="AssertionError: assert 'Invalid outcome' in 'hubspot_sync_calendar: [VALIDATION_ERROR] Invalid operation: update_meeting. Valid operations: create, update, delete, list'&#10; +  where 'hubspot_sync_calendar: [VALIDATION_ERROR] Invalid operation: update_meeting. Valid operations: create, update, delete, list' = str(ValidationError('Invalid operation: update_meeting. Valid operations: create, update, delete, list'))&#10; +    where ValidationError('Invalid operation: update_meeting. Valid operations: create, update, delete, list') = &lt;ExceptionInfo ValidationError('Invalid operation: update_meeting. Valid operations: create, update, delete, list') tblen=5&gt;.value">E   AssertionError: assert 'Invalid outcome' in 'hubspot_sync_calendar: [VALIDATION_ERROR] Invalid operation: update_meeting. Valid operations: create, update, delete, list'
     +  where 'hubspot_sync_calendar: [VALIDATION_ERROR] Invalid operation: update_meeting. Valid operations: create, update, delete, list' = str(ValidationError('Invalid operation: update_meeting. Valid operations: create, update, delete, list'))
     +    where ValidationError('Invalid operation: update_meeting. Valid operations: create, update, delete, list') = &lt;ExceptionInfo ValidationError('Invalid operation: update_meeting. Valid operations: create, update, delete, list') tblen=5&gt;.value</failure></testcase><testcase classname="tests.integrations.hubspot.test_hubspot_sync_calendar.TestHubSpotSyncCalendar" name="test_sync_date_range" time="0.001"><failure message="shared.errors.ValidationError: hubspot_sync_calendar: [VALIDATION_ERROR] Invalid operation: hubspot_to_google. Valid operations: create, update, delete, list">E   shared.errors.ValidationError: hubspot_sync_calendar: [VALIDATION_ERROR] Invalid operation: hubspot_to_google. Valid operations: create, update, delete, list</failure></testcase><testcase classname="tests.integrations.hubspot.test_hubspot_sync_calendar.TestHubSpotSyncCalendar" name="test_update_multiple_fields" time="0.001"><failure message="shared.errors.ValidationError: hubspot_sync_calendar: [VALIDATION_ERROR] Invalid operation: update_meeting. Valid operations: create, update, delete, list">E   shared.errors.ValidationError: hubspot_sync_calendar: [VALIDATION_ERROR] Invalid operation: update_meeting. Valid operations: create, update, delete, list</failure></testcase><testcase classname="tests.integrations.hubspot.test_hubspot_sync_calendar.TestHubSpotSyncCalendar" name="test_meeting_with_video_link" time="0.001"><failure message="shared.errors.ValidationError: hubspot_sync_calendar: [VALIDATION_ERROR] Invalid operation: create_meeting. Valid operations: create, update, delete, list">E   shared.errors.ValidationError: hubspot_sync_calendar: [VALIDATION_ERROR] Invalid operation: create_meeting. Valid operations: create, update, delete, list</failure></testcase><testcase classname="tests.integrations.hubspot.test_hubspot_sync_calendar.TestHubSpotSyncCalendar" name="test_tool_metadata" time="0.000" /><testcase classname="tests.integrations.hubspot.test_hubspot_sync_calendar.TestHubSpotSyncCalendar" name="test_sync_interval_validation" time="0.001"><failure message="shared.errors.ValidationError: hubspot_sync_calendar: [VALIDATION_ERROR] Invalid operation: hubspot_to_google. Valid operations: create, update, delete, list">E   shared.errors.ValidationError: hubspot_sync_calendar: [VALIDATION_ERROR] Invalid operation: hubspot_to_google. Valid operations: create, update, delete, list</failure></testcase><testcase classname="tests.integrations.hubspot.test_hubspot_sync_calendar.TestHubSpotSyncCalendar" name="test_reminder_minutes_validation" time="0.001"><failure message="shared.errors.ValidationError: hubspot_sync_calendar: [VALIDATION_ERROR] Invalid operation: create_meeting. Valid operations: create, update, delete, list">E   shared.errors.ValidationError: hubspot_sync_calendar: [VALIDATION_ERROR] Invalid operation: create_meeting. Valid operations: create, update, delete, list</failure></testcase><testcase classname="tests.integrations.hubspot.test_hubspot_sync_calendar.TestHubSpotSyncCalendar" name="test_api_call_structure" time="0.000"><failure message="AttributeError: &lt;module 'tools.integrations.hubspot.hubspot_sync_calendar' from '/Users/frank/Documents/Code/Genspark/agentswarm-tools/tools/integrations/hubspot/hubspot_sync_calendar.py'&gt; does not have the attribute 'requests'">E   AttributeError: &lt;module 'tools.integrations.hubspot.hubspot_sync_calendar' from '/Users/frank/Documents/Code/Genspark/agentswarm-tools/tools/integrations/hubspot/hubspot_sync_calendar.py'&gt; does not have the attribute 'requests'</failure></testcase><testcase classname="tests.integrations.hubspot.test_hubspot_sync_calendar.TestHubSpotSyncCalendar" name="test_notifications_disabled" time="0.001"><failure message="shared.errors.ValidationError: hubspot_sync_calendar: [VALIDATION_ERROR] Invalid operation: create_meeting. Valid operations: create, update, delete, list">E   shared.errors.ValidationError: hubspot_sync_calendar: [VALIDATION_ERROR] Invalid operation: create_meeting. Valid operations: create, update, delete, list</failure></testcase><testcase classname="tests.integrations.hubspot.test_hubspot_track_deal.TestHubSpotTrackDeal" name="test_create_deal" time="0.001" /><testcase classname="tests.integrations.hubspot.test_hubspot_track_deal.TestHubSpotTrackDeal" name="test_deal_with_associations" time="0.001" /><testcase classname="tests.integrations.hubspot.test_hubspot_track_deal.TestHubSpotTrackDeal" name="test_update_deal_stage" time="0.001"><failure message="shared.errors.ValidationError: hubspot_track_deal: [VALIDATION_ERROR] At least one field must be provided for update">E   shared.errors.ValidationError: hubspot_track_deal: [VALIDATION_ERROR] At least one field must be provided for update</failure></testcase><testcase classname="tests.integrations.hubspot.test_hubspot_track_deal.TestHubSpotTrackDeal" name="test_win_deal" time="0.001" /><testcase classname="tests.integrations.hubspot.test_hubspot_track_deal.TestHubSpotTrackDeal" name="test_lose_deal" time="0.001"><failure message="shared.errors.ValidationError: hubspot_track_deal: [VALIDATION_ERROR] At least one field must be provided for update">E   shared.errors.ValidationError: hubspot_track_deal: [VALIDATION_ERROR] At least one field must be provided for update</failure></testcase><testcase classname="tests.integrations.hubspot.test_hubspot_track_deal.TestHubSpotTrackDeal" name="test_forecast_category_pipeline" time="0.001" /><testcase classname="tests.integrations.hubspot.test_hubspot_track_deal.TestHubSpotTrackDeal" name="test_forecast_category_best_case" time="0.001" /><testcase classname="tests.integrations.hubspot.test_hubspot_track_deal.TestHubSpotTrackDeal" name="test_forecast_category_commit" time="0.001" /><testcase classname="tests.integrations.hubspot.test_hubspot_track_deal.TestHubSpotTrackDeal" name="test_batch_deal_creation" time="0.001" /><testcase classname="tests.integrations.hubspot.test_hubspot_track_deal.TestHubSpotTrackDeal" name="test_deal_with_custom_properties" time="0.001" /><testcase classname="tests.integrations.hubspot.test_hubspot_track_deal.TestHubSpotTrackDeal" name="test_dealtype_validation" time="0.002"><failure message="AssertionError: assert 'Invalid deal type' in 'hubspot_track_deal: [VALIDATION_ERROR] Invalid dealtype: invalid_type. Valid types: newbusiness, existingbusiness, renewal'&#10; +  where 'hubspot_track_deal: [VALIDATION_ERROR] Invalid dealtype: invalid_type. Valid types: newbusiness, existingbusiness, renewal' = str(ValidationError('Invalid dealtype: invalid_type. Valid types: newbusiness, existingbusiness, renewal'))&#10; +    where ValidationError('Invalid dealtype: invalid_type. Valid types: newbusiness, existingbusiness, renewal') = &lt;ExceptionInfo ValidationError('Invalid dealtype: invalid_type. Valid types: newbusiness, existingbusiness, renewal') tblen=5&gt;.value">E   AssertionError: assert 'Invalid deal type' in 'hubspot_track_deal: [VALIDATION_ERROR] Invalid dealtype: invalid_type. Valid types: newbusiness, existingbusiness, renewal'
     +  where 'hubspot_track_deal: [VALIDATION_ERROR] Invalid dealtype: invalid_type. Valid types: newbusiness, existingbusiness, renewal' = str(ValidationError('Invalid dealtype: invalid_type. Valid types: newbusiness, existingbusiness, renewal'))
     +    where ValidationError('Invalid dealtype: invalid_type. Valid types: newbusiness, existingbusiness, renewal') = &lt;ExceptionInfo ValidationError('Invalid dealtype: invalid_type. Valid types: newbusiness, existingbusiness, renewal') tblen=5&gt;.value</failure></testcase><testcase classname="tests.integrations.hubspot.test_hubspot_track_deal.TestHubSpotTrackDeal" name="test_priority_validation" time="0.001" /><testcase classname="tests.integrations.hubspot.test_hubspot_track_deal.TestHubSpotTrackDeal" name="test_closedate_format_validation" time="0.001"><failure message="AssertionError: assert 'YYYY-MM-DD format' in 'hubspot_track_deal: [VALIDATION_ERROR] Invalid closedate format. Use YYYY-MM-DD'&#10; +  where 'hubspot_track_deal: [VALIDATION_ERROR] Invalid closedate format. Use YYYY-MM-DD' = str(ValidationError('Invalid closedate format. Use YYYY-MM-DD'))&#10; +    where ValidationError('Invalid closedate format. Use YYYY-MM-DD') = &lt;ExceptionInfo ValidationError('Invalid closedate format. Use YYYY-MM-DD') tblen=5&gt;.value">E   AssertionError: assert 'YYYY-MM-DD format' in 'hubspot_track_deal: [VALIDATION_ERROR] Invalid closedate format. Use YYYY-MM-DD'
     +  where 'hubspot_track_deal: [VALIDATION_ERROR] Invalid closedate format. Use YYYY-MM-DD' = str(ValidationError('Invalid closedate format. Use YYYY-MM-DD'))
     +    where ValidationError('Invalid closedate format. Use YYYY-MM-DD') = &lt;ExceptionInfo ValidationError('Invalid closedate format. Use YYYY-MM-DD') tblen=5&gt;.value</failure></testcase><testcase classname="tests.integrations.hubspot.test_hubspot_track_deal.TestHubSpotTrackDeal" name="test_missing_dealname_error" time="0.001" /><testcase classname="tests.integrations.hubspot.test_hubspot_track_deal.TestHubSpotTrackDeal" name="test_update_requires_fields" time="0.001"><failure message="AssertionError: assert 'at least one field to update' in 'hubspot_track_deal: [VALIDATION_ERROR] At least one field must be provided for update'&#10; +  where 'hubspot_track_deal: [VALIDATION_ERROR] At least one field must be provided for update' = str(ValidationError('At least one field must be provided for update'))&#10; +    where ValidationError('At least one field must be provided for update') = &lt;ExceptionInfo ValidationError('At least one field must be provided for update') tblen=5&gt;.value">E   AssertionError: assert 'at least one field to update' in 'hubspot_track_deal: [VALIDATION_ERROR] At least one field must be provided for update'
     +  where 'hubspot_track_deal: [VALIDATION_ERROR] At least one field must be provided for update' = str(ValidationError('At least one field must be provided for update'))
     +    where ValidationError('At least one field must be provided for update') = &lt;ExceptionInfo ValidationError('At least one field must be provided for update') tblen=5&gt;.value</failure></testcase><testcase classname="tests.integrations.hubspot.test_hubspot_track_deal.TestHubSpotTrackDeal" name="test_cannot_win_and_lose_simultaneously" time="0.001"><failure message="AssertionError: assert 'Cannot win and lose' in 'hubspot_track_deal: [VALIDATION_ERROR] At least one field must be provided for update'&#10; +  where 'hubspot_track_deal: [VALIDATION_ERROR] At least one field must be provided for update' = str(ValidationError('At least one field must be provided for update'))&#10; +    where ValidationError('At least one field must be provided for update') = &lt;ExceptionInfo ValidationError('At least one field must be provided for update') tblen=5&gt;.value">E   AssertionError: assert 'Cannot win and lose' in 'hubspot_track_deal: [VALIDATION_ERROR] At least one field must be provided for update'
     +  where 'hubspot_track_deal: [VALIDATION_ERROR] At least one field must be provided for update' = str(ValidationError('At least one field must be provided for update'))
     +    where ValidationError('At least one field must be provided for update') = &lt;ExceptionInfo ValidationError('At least one field must be provided for update') tblen=5&gt;.value</failure></testcase><testcase classname="tests.integrations.hubspot.test_hubspot_track_deal.TestHubSpotTrackDeal" name="test_batch_size_limit" time="0.001"><failure message="Failed: DID NOT RAISE &lt;class 'Exception'&gt;">E   Failed: DID NOT RAISE &lt;class 'Exception'&gt;</failure></testcase><testcase classname="tests.integrations.hubspot.test_hubspot_track_deal.TestHubSpotTrackDeal" name="test_batch_deal_missing_dealname" time="0.001"><failure message="assert &quot;missing required 'dealname' field&quot; in 'hubspot_track_deal: [VALIDATION_ERROR] Each deal in batch must have a dealname'&#10; +  where 'hubspot_track_deal: [VALIDATION_ERROR] Each deal in batch must have a dealname' = str(ValidationError('Each deal in batch must have a dealname'))&#10; +    where ValidationError('Each deal in batch must have a dealname') = &lt;ExceptionInfo ValidationError('Each deal in batch must have a dealname') tblen=5&gt;.value">E   assert "missing required 'dealname' field" in 'hubspot_track_deal: [VALIDATION_ERROR] Each deal in batch must have a dealname'
     +  where 'hubspot_track_deal: [VALIDATION_ERROR] Each deal in batch must have a dealname' = str(ValidationError('Each deal in batch must have a dealname'))
     +    where ValidationError('Each deal in batch must have a dealname') = &lt;ExceptionInfo ValidationError('Each deal in batch must have a dealname') tblen=5&gt;.value</failure></testcase><testcase classname="tests.integrations.hubspot.test_hubspot_track_deal.TestHubSpotTrackDeal" name="test_update_deal_amount" time="0.001" /><testcase classname="tests.integrations.hubspot.test_hubspot_track_deal.TestHubSpotTrackDeal" name="test_deal_with_description" time="0.001" /><testcase classname="tests.integrations.hubspot.test_hubspot_track_deal.TestHubSpotTrackDeal" name="test_tool_metadata" time="0.000" /><testcase classname="tests.integrations.hubspot.test_hubspot_track_deal.TestHubSpotTrackDeal" name="test_api_call_structure" time="0.000"><failure message="AttributeError: &lt;module 'tools.integrations.hubspot.hubspot_track_deal' from '/Users/frank/Documents/Code/Genspark/agentswarm-tools/tools/integrations/hubspot/hubspot_track_deal.py'&gt; does not have the attribute 'requests'">E   AttributeError: &lt;module 'tools.integrations.hubspot.hubspot_track_deal' from '/Users/frank/Documents/Code/Genspark/agentswarm-tools/tools/integrations/hubspot/hubspot_track_deal.py'&gt; does not have the attribute 'requests'</failure></testcase><testcase classname="tests.integrations.hubspot.test_hubspot_track_deal.TestHubSpotTrackDeal" name="test_pipeline_specification" time="0.001" /><testcase classname="tests.integrations.supabase.test_supabase_auth.TestSupabaseAuthValidation" name="test_sign_up_requires_email" time="0.001" /><testcase classname="tests.integrations.supabase.test_supabase_auth.TestSupabaseAuthValidation" name="test_sign_up_requires_password" time="0.001" /><testcase classname="tests.integrations.supabase.test_supabase_auth.TestSupabaseAuthValidation" name="test_weak_password" time="0.000"><failure message="pydantic_core._pydantic_core.ValidationError: 1 validation error for SupabaseAuth&#10;password&#10;  String should have at least 6 characters [type=string_too_short, input_value='123', input_type=str]&#10;    For further information visit https://errors.pydantic.dev/2.12/v/string_too_short">E   pydantic_core._pydantic_core.ValidationError: 1 validation error for SupabaseAuth
    password
      String should have at least 6 characters [type=string_too_short, input_value='123', input_type=str]
        For further information visit https://errors.pydantic.dev/2.12/v/string_too_short</failure></testcase><testcase classname="tests.integrations.supabase.test_supabase_auth.TestSupabaseAuthValidation" name="test_invalid_email" time="0.000"><failure message="pydantic_core._pydantic_core.ValidationError: 1 validation error for SupabaseAuth&#10;email&#10;  String should match pattern '^[\w\.-]+@[\w\.-]+\.\w+$' [type=string_pattern_mismatch, input_value='invalid', input_type=str]&#10;    For further information visit https://errors.pydantic.dev/2.12/v/string_pattern_mismatch">E   pydantic_core._pydantic_core.ValidationError: 1 validation error for SupabaseAuth
    email
      String should match pattern '^[\w\.-]+@[\w\.-]+\.\w+$' [type=string_pattern_mismatch, input_value='invalid', input_type=str]
        For further information visit https://errors.pydantic.dev/2.12/v/string_pattern_mismatch</failure></testcase><testcase classname="tests.integrations.supabase.test_supabase_auth.TestSupabaseAuthValidation" name="test_verify_token_requires_token" time="0.001" /><testcase classname="tests.integrations.supabase.test_supabase_auth.TestSupabaseAuthMockMode" name="test_sign_up" time="0.001" /><testcase classname="tests.integrations.supabase.test_supabase_auth.TestSupabaseAuthMockMode" name="test_sign_in" time="0.001" /><testcase classname="tests.integrations.supabase.test_supabase_auth.TestSupabaseAuthMockMode" name="test_sign_out" time="0.001" /><testcase classname="tests.integrations.supabase.test_supabase_auth.TestSupabaseAuthMockMode" name="test_verify_token" time="0.001" /><testcase classname="tests.integrations.supabase.test_supabase_auth.TestSupabaseAuthMockMode" name="test_reset_password" time="0.001" /><testcase classname="tests.integrations.supabase.test_supabase_auth.TestSupabaseAuthMockMode" name="test_get_session" time="0.001" /><testcase classname="tests.integrations.supabase.test_supabase_auth.TestSupabaseAuthFeatures" name="test_sign_up_with_metadata" time="0.001" /><testcase classname="tests.integrations.supabase.test_supabase_auth.TestSupabaseAuthFeatures" name="test_sign_up_with_redirect" time="0.001" /><testcase classname="tests.integrations.supabase.test_supabase_auth.TestSupabaseAuthFeatures" name="test_reset_password_with_redirect" time="0.001" /><testcase classname="tests.integrations.supabase.test_supabase_insert_embeddings.TestSupabaseInsertEmbeddingsValidation" name="test_valid_parameters" time="0.001" /><testcase classname="tests.integrations.supabase.test_supabase_insert_embeddings.TestSupabaseInsertEmbeddingsValidation" name="test_empty_table_name" time="0.000"><failure message="pydantic_core._pydantic_core.ValidationError: 1 validation error for SupabaseInsertEmbeddings&#10;table_name&#10;  String should have at least 1 character [type=string_too_short, input_value='', input_type=str]&#10;    For further information visit https://errors.pydantic.dev/2.12/v/string_too_short">E   pydantic_core._pydantic_core.ValidationError: 1 validation error for SupabaseInsertEmbeddings
    table_name
      String should have at least 1 character [type=string_too_short, input_value='', input_type=str]
        For further information visit https://errors.pydantic.dev/2.12/v/string_too_short</failure></testcase><testcase classname="tests.integrations.supabase.test_supabase_insert_embeddings.TestSupabaseInsertEmbeddingsValidation" name="test_empty_embeddings_list" time="0.000"><failure message="pydantic_core._pydantic_core.ValidationError: 1 validation error for SupabaseInsertEmbeddings&#10;embeddings&#10;  List should have at least 1 item after validation, not 0 [type=too_short, input_value=[], input_type=list]&#10;    For further information visit https://errors.pydantic.dev/2.12/v/too_short">E   pydantic_core._pydantic_core.ValidationError: 1 validation error for SupabaseInsertEmbeddings
    embeddings
      List should have at least 1 item after validation, not 0 [type=too_short, input_value=[], input_type=list]
        For further information visit https://errors.pydantic.dev/2.12/v/too_short</failure></testcase><testcase classname="tests.integrations.supabase.test_supabase_insert_embeddings.TestSupabaseInsertEmbeddingsValidation" name="test_missing_id_field" time="0.001" /><testcase classname="tests.integrations.supabase.test_supabase_insert_embeddings.TestSupabaseInsertEmbeddingsValidation" name="test_missing_embedding_field" time="0.001" /><testcase classname="tests.integrations.supabase.test_supabase_insert_embeddings.TestSupabaseInsertEmbeddingsValidation" name="test_dimension_mismatch" time="0.001" /><testcase classname="tests.integrations.supabase.test_supabase_insert_embeddings.TestSupabaseInsertEmbeddingsValidation" name="test_invalid_embedding_type" time="0.001" /><testcase classname="tests.integrations.supabase.test_supabase_insert_embeddings.TestSupabaseInsertEmbeddingsMockMode" name="test_mock_single_insert" time="0.001" /><testcase classname="tests.integrations.supabase.test_supabase_insert_embeddings.TestSupabaseInsertEmbeddingsMockMode" name="test_mock_batch_insert" time="0.015" /><testcase classname="tests.integrations.supabase.test_supabase_insert_embeddings.TestSupabaseInsertEmbeddingsMockMode" name="test_mock_upsert" time="0.001" /><testcase classname="tests.integrations.supabase.test_supabase_insert_embeddings.TestSupabaseInsertEmbeddingsMockMode" name="test_mock_dimension_validation" time="0.001" /><testcase classname="tests.integrations.supabase.test_supabase_insert_embeddings.TestSupabaseInsertEmbeddingsBatchProcessing" name="test_small_batch" time="0.002" /><testcase classname="tests.integrations.supabase.test_supabase_insert_embeddings.TestSupabaseInsertEmbeddingsBatchProcessing" name="test_large_batch" time="0.001" /><testcase classname="tests.integrations.supabase.test_supabase_insert_embeddings.TestSupabaseInsertEmbeddingsBatchProcessing" name="test_max_batch_size" time="0.017" /><testcase classname="tests.integrations.supabase.test_supabase_insert_embeddings.TestSupabaseInsertEmbeddingsDimensions" name="test_common_dimensions" time="0.004" /><testcase classname="tests.integrations.supabase.test_supabase_insert_embeddings.TestSupabaseInsertEmbeddingsDimensions" name="test_dimension_validation_disabled" time="0.001" /><testcase classname="tests.integrations.supabase.test_supabase_insert_embeddings.TestSupabaseInsertEmbeddingsMetadata" name="test_with_metadata" time="0.001" /><testcase classname="tests.integrations.supabase.test_supabase_insert_embeddings.TestSupabaseInsertEmbeddingsMetadata" name="test_without_metadata" time="0.001" /><testcase classname="tests.integrations.supabase.test_supabase_insert_embeddings.TestSupabaseInsertEmbeddingsMetadata" name="test_complex_metadata" time="0.001" /><testcase classname="tests.integrations.supabase.test_supabase_insert_embeddings.TestSupabaseInsertEmbeddingsEdgeCases" name="test_single_dimension_embedding" time="0.001" /><testcase classname="tests.integrations.supabase.test_supabase_insert_embeddings.TestSupabaseInsertEmbeddingsEdgeCases" name="test_very_large_embedding" time="0.001" /><testcase classname="tests.integrations.supabase.test_supabase_insert_embeddings.TestSupabaseInsertEmbeddingsEdgeCases" name="test_zero_values_embedding" time="0.001" /><testcase classname="tests.integrations.supabase.test_supabase_insert_embeddings.TestSupabaseInsertEmbeddingsEdgeCases" name="test_negative_values_embedding" time="0.001" /><testcase classname="tests.integrations.supabase.test_supabase_insert_embeddings.TestSupabaseInsertEmbeddingsIntegration" name="test_real_insert" time="0.000"><skipped type="pytest.skip" message="Supabase credentials not available">/Users/frank/Documents/Code/Genspark/agentswarm-tools/tests/integrations/supabase/test_supabase_insert_embeddings.py:410: Supabase credentials not available</skipped></testcase><testcase classname="tests.integrations.supabase.test_supabase_insert_embeddings" name="test_insert_embeddings_benchmark" time="0.000"><error message="failed on setup with &quot;file /Users/frank/Documents/Code/Genspark/agentswarm-tools/tests/integrations/supabase/test_supabase_insert_embeddings.py, line 432&#10;  def test_insert_embeddings_benchmark(benchmark):&#10;E       fixture 'benchmark' not found&#10;&gt;       available fixtures: _class_scoped_runner, _function_scoped_runner, _module_scoped_runner, _package_scoped_runner, _session_scoped_runner, anyio_backend, anyio_backend_name, anyio_backend_options, api_response_factory, api_validation_error, cache, capfd, capfdbinary, caplog, capsys, capsysbinary, capteesys, capture_analytics_events, class_mocker, cov, doctest_namespace, event_loop, event_loop_policy, free_tcp_port, free_tcp_port_factory, free_udp_port, free_udp_port_factory, mock_api_error_response, mock_api_success_response, mock_redis, mock_tool_params, mocker, module_mocker, monkeypatch, no_cover, package_mocker, pytestconfig, record_property, record_testsuite_property, record_xml_attribute, recwarn, reset_rate_limiter, sample_email_data, sample_file_metadata, sample_tool_config, session_mocker, subtests, temp_dir, temp_file, test_environment, testrun_uid, tmp_path, tmp_path_factory, tmpdir, tmpdir_factory, unused_tcp_port, unused_tcp_port_factory, unused_udp_port, unused_udp_port_factory, worker_id&#10;&gt;       use 'pytest --fixtures [testpath]' for help on them.&#10;&#10;/Users/frank/Documents/Code/Genspark/agentswarm-tools/tests/integrations/supabase/test_supabase_insert_embeddings.py:432&quot;">file /Users/frank/Documents/Code/Genspark/agentswarm-tools/tests/integrations/supabase/test_supabase_insert_embeddings.py, line 432
  def test_insert_embeddings_benchmark(benchmark):
E       fixture 'benchmark' not found
&gt;       available fixtures: _class_scoped_runner, _function_scoped_runner, _module_scoped_runner, _package_scoped_runner, _session_scoped_runner, anyio_backend, anyio_backend_name, anyio_backend_options, api_response_factory, api_validation_error, cache, capfd, capfdbinary, caplog, capsys, capsysbinary, capteesys, capture_analytics_events, class_mocker, cov, doctest_namespace, event_loop, event_loop_policy, free_tcp_port, free_tcp_port_factory, free_udp_port, free_udp_port_factory, mock_api_error_response, mock_api_success_response, mock_redis, mock_tool_params, mocker, module_mocker, monkeypatch, no_cover, package_mocker, pytestconfig, record_property, record_testsuite_property, record_xml_attribute, recwarn, reset_rate_limiter, sample_email_data, sample_file_metadata, sample_tool_config, session_mocker, subtests, temp_dir, temp_file, test_environment, testrun_uid, tmp_path, tmp_path_factory, tmpdir, tmpdir_factory, unused_tcp_port, unused_tcp_port_factory, unused_udp_port, unused_udp_port_factory, worker_id
&gt;       use 'pytest --fixtures [testpath]' for help on them.

/Users/frank/Documents/Code/Genspark/agentswarm-tools/tests/integrations/supabase/test_supabase_insert_embeddings.py:432</error></testcase><testcase classname="tests.integrations.supabase.test_supabase_realtime.TestSupabaseRealtimeValidation" name="test_subscribe_requires_table_name" time="0.001" /><testcase classname="tests.integrations.supabase.test_supabase_realtime.TestSupabaseRealtimeValidation" name="test_unsubscribe_requires_subscription_id" time="0.001" /><testcase classname="tests.integrations.supabase.test_supabase_realtime.TestSupabaseRealtimeValidation" name="test_invalid_filter_format" time="0.001" /><testcase classname="tests.integrations.supabase.test_supabase_realtime.TestSupabaseRealtimeValidation" name="test_invalid_callback_url" time="0.001" /><testcase classname="tests.integrations.supabase.test_supabase_realtime.TestSupabaseRealtimeMockMode" name="test_subscribe_insert_events" time="0.001" /><testcase classname="tests.integrations.supabase.test_supabase_realtime.TestSupabaseRealtimeMockMode" name="test_subscribe_all_events" time="0.001" /><testcase classname="tests.integrations.supabase.test_supabase_realtime.TestSupabaseRealtimeMockMode" name="test_subscribe_with_filter" time="0.001" /><testcase classname="tests.integrations.supabase.test_supabase_realtime.TestSupabaseRealtimeMockMode" name="test_subscribe_with_callback" time="0.001" /><testcase classname="tests.integrations.supabase.test_supabase_realtime.TestSupabaseRealtimeMockMode" name="test_unsubscribe" time="0.001" /><testcase classname="tests.integrations.supabase.test_supabase_realtime.TestSupabaseRealtimeMockMode" name="test_list_subscriptions" time="0.001" /><testcase classname="tests.integrations.supabase.test_supabase_realtime.TestSupabaseRealtimeEventTypes" name="test_update_events" time="0.001" /><testcase classname="tests.integrations.supabase.test_supabase_realtime.TestSupabaseRealtimeEventTypes" name="test_delete_events" time="0.001" /><testcase classname="tests.integrations.supabase.test_supabase_realtime.TestSupabaseRealtimeEventTypes" name="test_multiple_events" time="0.001" /><testcase classname="tests.integrations.supabase.test_supabase_storage.TestSupabaseStorageValidation" name="test_upload_requires_file_path" time="0.001" /><testcase classname="tests.integrations.supabase.test_supabase_storage.TestSupabaseStorageValidation" name="test_upload_requires_content_or_local_path" time="0.001" /><testcase classname="tests.integrations.supabase.test_supabase_storage.TestSupabaseStorageValidation" name="test_upload_cannot_have_both" time="0.001" /><testcase classname="tests.integrations.supabase.test_supabase_storage.TestSupabaseStorageValidation" name="test_download_requires_local_path" time="0.001" /><testcase classname="tests.integrations.supabase.test_supabase_storage.TestSupabaseStorageMockMode" name="test_upload_with_content" time="0.001" /><testcase classname="tests.integrations.supabase.test_supabase_storage.TestSupabaseStorageMockMode" name="test_upload_public_file" time="0.001" /><testcase classname="tests.integrations.supabase.test_supabase_storage.TestSupabaseStorageMockMode" name="test_download_file" time="0.001" /><testcase classname="tests.integrations.supabase.test_supabase_storage.TestSupabaseStorageMockMode" name="test_delete_file" time="0.001" /><testcase classname="tests.integrations.supabase.test_supabase_storage.TestSupabaseStorageMockMode" name="test_get_public_url" time="0.001" /><testcase classname="tests.integrations.supabase.test_supabase_storage.TestSupabaseStorageMockMode" name="test_get_signed_url" time="0.001" /><testcase classname="tests.integrations.supabase.test_supabase_storage.TestSupabaseStorageMockMode" name="test_list_files" time="0.001" /><testcase classname="tests.integrations.supabase.test_supabase_storage.TestSupabaseStorageMockMode" name="test_create_bucket" time="0.001" /><testcase classname="tests.integrations.supabase.test_supabase_storage.TestSupabaseStorageTransformations" name="test_image_resize" time="0.001" /><testcase classname="tests.integrations.supabase.test_supabase_storage.TestSupabaseStorageTransformations" name="test_image_quality" time="0.001" /><testcase classname="tests.integrations.supabase.test_supabase_storage.TestSupabaseStoragePagination" name="test_with_offset" time="0.001" /><testcase classname="tests.integrations.supabase.test_supabase_storage.TestSupabaseStoragePagination" name="test_with_prefix" time="0.001" /><testcase classname="tests.integrations.supabase.test_supabase_vector_search.TestSupabaseVectorSearchValidation" name="test_valid_parameters" time="0.001" /><testcase classname="tests.integrations.supabase.test_supabase_vector_search.TestSupabaseVectorSearchValidation" name="test_empty_table_name" time="0.000"><failure message="pydantic_core._pydantic_core.ValidationError: 1 validation error for SupabaseVectorSearch&#10;table_name&#10;  String should have at least 1 character [type=string_too_short, input_value='', input_type=str]&#10;    For further information visit https://errors.pydantic.dev/2.12/v/string_too_short">E   pydantic_core._pydantic_core.ValidationError: 1 validation error for SupabaseVectorSearch
    table_name
      String should have at least 1 character [type=string_too_short, input_value='', input_type=str]
        For further information visit https://errors.pydantic.dev/2.12/v/string_too_short</failure></testcase><testcase classname="tests.integrations.supabase.test_supabase_vector_search.TestSupabaseVectorSearchValidation" name="test_empty_embedding" time="0.000"><failure message="pydantic_core._pydantic_core.ValidationError: 1 validation error for SupabaseVectorSearch&#10;query_embedding&#10;  List should have at least 1 item after validation, not 0 [type=too_short, input_value=[], input_type=list]&#10;    For further information visit https://errors.pydantic.dev/2.12/v/too_short">E   pydantic_core._pydantic_core.ValidationError: 1 validation error for SupabaseVectorSearch
    query_embedding
      List should have at least 1 item after validation, not 0 [type=too_short, input_value=[], input_type=list]
        For further information visit https://errors.pydantic.dev/2.12/v/too_short</failure></testcase><testcase classname="tests.integrations.supabase.test_supabase_vector_search.TestSupabaseVectorSearchValidation" name="test_invalid_embedding_type" time="0.000"><failure message="pydantic_core._pydantic_core.ValidationError: 1 validation error for SupabaseVectorSearch&#10;query_embedding.1&#10;  Input should be a valid number, unable to parse string as a number [type=float_parsing, input_value='invalid', input_type=str]&#10;    For further information visit https://errors.pydantic.dev/2.12/v/float_parsing">E   pydantic_core._pydantic_core.ValidationError: 1 validation error for SupabaseVectorSearch
    query_embedding.1
      Input should be a valid number, unable to parse string as a number [type=float_parsing, input_value='invalid', input_type=str]
        For further information visit https://errors.pydantic.dev/2.12/v/float_parsing</failure></testcase><testcase classname="tests.integrations.supabase.test_supabase_vector_search.TestSupabaseVectorSearchValidation" name="test_invalid_filter_type" time="0.000"><failure message="pydantic_core._pydantic_core.ValidationError: 1 validation error for SupabaseVectorSearch&#10;filter&#10;  Input should be a valid dictionary [type=dict_type, input_value='invalid_string', input_type=str]&#10;    For further information visit https://errors.pydantic.dev/2.12/v/dict_type">E   pydantic_core._pydantic_core.ValidationError: 1 validation error for SupabaseVectorSearch
    filter
      Input should be a valid dictionary [type=dict_type, input_value='invalid_string', input_type=str]
        For further information visit https://errors.pydantic.dev/2.12/v/dict_type</failure></testcase><testcase classname="tests.integrations.supabase.test_supabase_vector_search.TestSupabaseVectorSearchValidation" name="test_common_embedding_dimensions" time="0.004" /><testcase classname="tests.integrations.supabase.test_supabase_vector_search.TestSupabaseVectorSearchMockMode" name="test_mock_basic_search" time="0.001" /><testcase classname="tests.integrations.supabase.test_supabase_vector_search.TestSupabaseVectorSearchMockMode" name="test_mock_with_filter" time="0.001" /><testcase classname="tests.integrations.supabase.test_supabase_vector_search.TestSupabaseVectorSearchMockMode" name="test_mock_l2_metric" time="0.001" /><testcase classname="tests.integrations.supabase.test_supabase_vector_search.TestSupabaseVectorSearchMockMode" name="test_mock_inner_product" time="0.001" /><testcase classname="tests.integrations.supabase.test_supabase_vector_search.TestSupabaseVectorSearchMockMode" name="test_mock_no_metadata" time="0.001" /><testcase classname="tests.integrations.supabase.test_supabase_vector_search.TestSupabaseVectorSearchMockMode" name="test_mock_high_threshold" time="0.001" /><testcase classname="tests.integrations.supabase.test_supabase_vector_search.TestSupabaseVectorSearchDistanceMetrics" name="test_cosine_similarity_conversion" time="0.000" /><testcase classname="tests.integrations.supabase.test_supabase_vector_search.TestSupabaseVectorSearchDistanceMetrics" name="test_l2_similarity_conversion" time="0.000" /><testcase classname="tests.integrations.supabase.test_supabase_vector_search.TestSupabaseVectorSearchDistanceMetrics" name="test_inner_product_passthrough" time="0.000" /><testcase classname="tests.integrations.supabase.test_supabase_vector_search.TestSupabaseVectorSearchIntegration" name="test_real_vector_search" time="0.000"><skipped type="pytest.skip" message="Supabase credentials not available">/Users/frank/Documents/Code/Genspark/agentswarm-tools/tests/integrations/supabase/test_supabase_vector_search.py:236: Supabase credentials not available</skipped></testcase><testcase classname="tests.integrations.supabase.test_supabase_vector_search.TestSupabaseVectorSearchIntegration" name="test_real_search_with_filter" time="0.000"><skipped type="pytest.skip" message="Supabase credentials not available">/Users/frank/Documents/Code/Genspark/agentswarm-tools/tests/integrations/supabase/test_supabase_vector_search.py:252: Supabase credentials not available</skipped></testcase><testcase classname="tests.integrations.supabase.test_supabase_vector_search.TestSupabaseVectorSearchEdgeCases" name="test_zero_match_count" time="0.000"><failure message="pydantic_core._pydantic_core.ValidationError: 1 validation error for SupabaseVectorSearch&#10;match_count&#10;  Input should be greater than or equal to 1 [type=greater_than_equal, input_value=0, input_type=int]&#10;    For further information visit https://errors.pydantic.dev/2.12/v/greater_than_equal">E   pydantic_core._pydantic_core.ValidationError: 1 validation error for SupabaseVectorSearch
    match_count
      Input should be greater than or equal to 1 [type=greater_than_equal, input_value=0, input_type=int]
        For further information visit https://errors.pydantic.dev/2.12/v/greater_than_equal</failure></testcase><testcase classname="tests.integrations.supabase.test_supabase_vector_search.TestSupabaseVectorSearchEdgeCases" name="test_negative_threshold" time="0.000"><failure message="pydantic_core._pydantic_core.ValidationError: 1 validation error for SupabaseVectorSearch&#10;match_threshold&#10;  Input should be greater than or equal to 0 [type=greater_than_equal, input_value=-0.5, input_type=float]&#10;    For further information visit https://errors.pydantic.dev/2.12/v/greater_than_equal">E   pydantic_core._pydantic_core.ValidationError: 1 validation error for SupabaseVectorSearch
    match_threshold
      Input should be greater than or equal to 0 [type=greater_than_equal, input_value=-0.5, input_type=float]
        For further information visit https://errors.pydantic.dev/2.12/v/greater_than_equal</failure></testcase><testcase classname="tests.integrations.supabase.test_supabase_vector_search.TestSupabaseVectorSearchEdgeCases" name="test_threshold_above_one" time="0.000"><failure message="pydantic_core._pydantic_core.ValidationError: 1 validation error for SupabaseVectorSearch&#10;match_threshold&#10;  Input should be less than or equal to 1 [type=less_than_equal, input_value=1.5, input_type=float]&#10;    For further information visit https://errors.pydantic.dev/2.12/v/less_than_equal">E   pydantic_core._pydantic_core.ValidationError: 1 validation error for SupabaseVectorSearch
    match_threshold
      Input should be less than or equal to 1 [type=less_than_equal, input_value=1.5, input_type=float]
        For further information visit https://errors.pydantic.dev/2.12/v/less_than_equal</failure></testcase><testcase classname="tests.integrations.supabase.test_supabase_vector_search.TestSupabaseVectorSearchEdgeCases" name="test_very_large_embedding" time="0.001" /><testcase classname="tests.integrations.supabase.test_supabase_vector_search.TestSupabaseVectorSearchEdgeCases" name="test_single_dimension_embedding" time="0.001" /><testcase classname="tests.integrations.supabase.test_supabase_vector_search.TestSupabaseVectorSearchEdgeCases" name="test_custom_rpc_function" time="0.001" /><testcase classname="tests.integrations.supabase.test_supabase_vector_search.TestSupabaseVectorSearchEdgeCases" name="test_custom_embedding_column" time="0.001" /><testcase classname="tests.integrations.supabase.test_supabase_vector_search.TestSupabaseVectorSearchPerformance" name="test_large_result_set" time="0.001" /><testcase classname="tests.integrations.supabase.test_supabase_vector_search.TestSupabaseVectorSearchPerformance" name="test_minimal_threshold" time="0.001" /><testcase classname="tests.integrations.supabase.test_supabase_vector_search.TestSupabaseVectorSearchPerformance" name="test_complex_filter" time="0.001" /><testcase classname="tests.integrations.supabase.test_supabase_vector_search.TestSupabaseVectorSearchAuthentication" name="test_missing_credentials_in_real_mode" time="0.001" /><testcase classname="tests.integrations.supabase.test_supabase_vector_search.TestSupabaseVectorSearchResultFormat" name="test_result_structure" time="0.001" /><testcase classname="tests.integrations.supabase.test_supabase_vector_search.TestSupabaseVectorSearchResultFormat" name="test_result_with_metadata" time="0.001" /><testcase classname="tests.integrations.supabase.test_supabase_vector_search.TestSupabaseVectorSearchResultFormat" name="test_similarity_scores" time="0.001" /><testcase classname="tests.integrations.supabase.test_supabase_vector_search" name="test_vector_search_benchmark" time="0.000"><error message="failed on setup with &quot;file /Users/frank/Documents/Code/Genspark/agentswarm-tools/tests/integrations/supabase/test_supabase_vector_search.py, line 467&#10;  def test_vector_search_benchmark(benchmark):&#10;E       fixture 'benchmark' not found&#10;&gt;       available fixtures: _class_scoped_runner, _function_scoped_runner, _module_scoped_runner, _package_scoped_runner, _session_scoped_runner, anyio_backend, anyio_backend_name, anyio_backend_options, api_response_factory, api_validation_error, cache, capfd, capfdbinary, caplog, capsys, capsysbinary, capteesys, capture_analytics_events, class_mocker, cov, doctest_namespace, event_loop, event_loop_policy, free_tcp_port, free_tcp_port_factory, free_udp_port, free_udp_port_factory, mock_api_error_response, mock_api_success_response, mock_redis, mock_tool_params, mocker, module_mocker, monkeypatch, no_cover, package_mocker, pytestconfig, record_property, record_testsuite_property, record_xml_attribute, recwarn, reset_rate_limiter, sample_email_data, sample_file_metadata, sample_tool_config, session_mocker, subtests, temp_dir, temp_file, test_environment, testrun_uid, tmp_path, tmp_path_factory, tmpdir, tmpdir_factory, unused_tcp_port, unused_tcp_port_factory, unused_udp_port, unused_udp_port_factory, worker_id&#10;&gt;       use 'pytest --fixtures [testpath]' for help on them.&#10;&#10;/Users/frank/Documents/Code/Genspark/agentswarm-tools/tests/integrations/supabase/test_supabase_vector_search.py:467&quot;">file /Users/frank/Documents/Code/Genspark/agentswarm-tools/tests/integrations/supabase/test_supabase_vector_search.py, line 467
  def test_vector_search_benchmark(benchmark):
E       fixture 'benchmark' not found
&gt;       available fixtures: _class_scoped_runner, _function_scoped_runner, _module_scoped_runner, _package_scoped_runner, _session_scoped_runner, anyio_backend, anyio_backend_name, anyio_backend_options, api_response_factory, api_validation_error, cache, capfd, capfdbinary, caplog, capsys, capsysbinary, capteesys, capture_analytics_events, class_mocker, cov, doctest_namespace, event_loop, event_loop_policy, free_tcp_port, free_tcp_port_factory, free_udp_port, free_udp_port_factory, mock_api_error_response, mock_api_success_response, mock_redis, mock_tool_params, mocker, module_mocker, monkeypatch, no_cover, package_mocker, pytestconfig, record_property, record_testsuite_property, record_xml_attribute, recwarn, reset_rate_limiter, sample_email_data, sample_file_metadata, sample_tool_config, session_mocker, subtests, temp_dir, temp_file, test_environment, testrun_uid, tmp_path, tmp_path_factory, tmpdir, tmpdir_factory, unused_tcp_port, unused_tcp_port_factory, unused_udp_port, unused_udp_port_factory, worker_id
&gt;       use 'pytest --fixtures [testpath]' for help on them.

/Users/frank/Documents/Code/Genspark/agentswarm-tools/tests/integrations/supabase/test_supabase_vector_search.py:467</error></testcase><testcase classname="tests.integrations.linear.test_linear_assign_team.TestLinearAssignTeam" name="test_basic_team_assignment" time="0.001" /><testcase classname="tests.integrations.linear.test_linear_assign_team.TestLinearAssignTeam" name="test_assign_to_user" time="0.001" /><testcase classname="tests.integrations.linear.test_linear_assign_team.TestLinearAssignTeam" name="test_assign_to_cycle" time="0.001" /><testcase classname="tests.integrations.linear.test_linear_assign_team.TestLinearAssignTeam" name="test_assign_with_estimate" time="0.001" /><testcase classname="tests.integrations.linear.test_linear_assign_team.TestLinearAssignTeam" name="test_assign_multiple_issues" time="0.001" /><testcase classname="tests.integrations.linear.test_linear_assign_team.TestLinearAssignTeam" name="test_bulk_assignment" time="0.001" /><testcase classname="tests.integrations.linear.test_linear_assign_team.TestLinearAssignTeam" name="test_auto_assign_lowest_workload" time="0.001" /><testcase classname="tests.integrations.linear.test_linear_assign_team.TestLinearAssignTeam" name="test_distribute_evenly" time="0.001" /><testcase classname="tests.integrations.linear.test_linear_assign_team.TestLinearAssignTeam" name="test_capacity_summary" time="0.001" /><testcase classname="tests.integrations.linear.test_linear_assign_team.TestLinearAssignTeam" name="test_capacity_utilization" time="0.001" /><testcase classname="tests.integrations.linear.test_linear_assign_team.TestLinearAssignTeam" name="test_assignment_with_dates" time="0.001" /><testcase classname="tests.integrations.linear.test_linear_assign_team.TestLinearAssignTeam" name="test_cycle_with_dates" time="0.001" /><testcase classname="tests.integrations.linear.test_linear_assign_team.TestLinearAssignTeam" name="test_team_info_included" time="0.001" /><testcase classname="tests.integrations.linear.test_linear_assign_team.TestLinearAssignTeam" name="test_validation_empty_issue_ids" time="0.000" /><testcase classname="tests.integrations.linear.test_linear_assign_team.TestLinearAssignTeam" name="test_validation_negative_estimate" time="0.000" /><testcase classname="tests.integrations.linear.test_linear_assign_team.TestLinearAssignTeam" name="test_validation_conflicting_assignee_options" time="0.001" /><testcase classname="tests.integrations.linear.test_linear_assign_team.TestLinearAssignTeam" name="test_validation_both_auto_and_distribute" time="0.001" /><testcase classname="tests.integrations.linear.test_linear_assign_team.TestLinearAssignTeam" name="test_validation_invalid_date_format" time="0.001" /><testcase classname="tests.integrations.linear.test_linear_assign_team.TestLinearAssignTeam" name="test_various_estimates" time="0.003" /><testcase classname="tests.integrations.linear.test_linear_assign_team.TestLinearAssignTeam" name="test_cycle_progress" time="0.001"><failure message="AssertionError: assert 'progress' in {'cycle_id': 'cycle_123', 'cycle_name': 'Sprint 12', 'start_date': '2025-12-01', 'end_date': '2025-12-14'}">E   AssertionError: assert 'progress' in {'cycle_id': 'cycle_123', 'cycle_name': 'Sprint 12', 'start_date': '2025-12-01', 'end_date': '2025-12-14'}</failure></testcase><testcase classname="tests.integrations.linear.test_linear_assign_team.TestLinearAssignTeam" name="test_tool_metadata" time="0.000" /><testcase classname="tests.integrations.linear.test_linear_assign_team.TestLinearAssignTeam" name="test_result_metadata" time="0.001" /><testcase classname="tests.integrations.linear.test_linear_assign_team.TestLinearAssignTeam" name="test_assignment_details_structure" time="0.001" /><testcase classname="tests.integrations.linear.test_linear_assign_team.TestLinearAssignTeam" name="test_real_api_call_structure" time="0.002" /><testcase classname="tests.integrations.linear.test_linear_create_issue.TestLinearCreateIssue" name="test_basic_issue_creation" time="0.001" /><testcase classname="tests.integrations.linear.test_linear_create_issue.TestLinearCreateIssue" name="test_full_issue_creation" time="0.001" /><testcase classname="tests.integrations.linear.test_linear_create_issue.TestLinearCreateIssue" name="test_sub_issue_creation" time="0.001" /><testcase classname="tests.integrations.linear.test_linear_create_issue.TestLinearCreateIssue" name="test_validation_empty_title" time="0.000" /><testcase classname="tests.integrations.linear.test_linear_create_issue.TestLinearCreateIssue" name="test_validation_empty_team_id" time="0.000" /><testcase classname="tests.integrations.linear.test_linear_create_issue.TestLinearCreateIssue" name="test_validation_invalid_priority" time="0.000" /><testcase classname="tests.integrations.linear.test_linear_create_issue.TestLinearCreateIssue" name="test_validation_negative_estimate" time="0.000" /><testcase classname="tests.integrations.linear.test_linear_create_issue.TestLinearCreateIssue" name="test_validation_invalid_due_date" time="0.001" /><testcase classname="tests.integrations.linear.test_linear_create_issue.TestLinearCreateIssue" name="test_priority_urgent" time="0.001" /><testcase classname="tests.integrations.linear.test_linear_create_issue.TestLinearCreateIssue" name="test_priority_none" time="0.001" /><testcase classname="tests.integrations.linear.test_linear_create_issue.TestLinearCreateIssue" name="test_multiple_labels" time="0.001" /><testcase classname="tests.integrations.linear.test_linear_create_issue.TestLinearCreateIssue" name="test_single_label" time="0.001" /><testcase classname="tests.integrations.linear.test_linear_create_issue.TestLinearCreateIssue" name="test_markdown_description" time="0.001" /><testcase classname="tests.integrations.linear.test_linear_create_issue.TestLinearCreateIssue" name="test_long_description" time="0.001" /><testcase classname="tests.integrations.linear.test_linear_create_issue.TestLinearCreateIssue" name="test_custom_fields" time="0.001" /><testcase classname="tests.integrations.linear.test_linear_create_issue.TestLinearCreateIssue" name="test_multiple_subscribers" time="0.001" /><testcase classname="tests.integrations.linear.test_linear_create_issue.TestLinearCreateIssue" name="test_fractional_estimate" time="0.001" /><testcase classname="tests.integrations.linear.test_linear_create_issue.TestLinearCreateIssue" name="test_large_estimate" time="0.001" /><testcase classname="tests.integrations.linear.test_linear_create_issue.TestLinearCreateIssue" name="test_various_date_formats" time="0.001" /><testcase classname="tests.integrations.linear.test_linear_create_issue.TestLinearCreateIssue" name="test_tool_metadata" time="0.000" /><testcase classname="tests.integrations.linear.test_linear_create_issue.TestLinearCreateIssue" name="test_result_metadata" time="0.001" /><testcase classname="tests.integrations.linear.test_linear_create_issue.TestLinearCreateIssue" name="test_mock_mode_enabled" time="0.001" /><testcase classname="tests.integrations.linear.test_linear_create_issue.TestLinearCreateIssue" name="test_very_long_title" time="0.001" /><testcase classname="tests.integrations.linear.test_linear_create_issue.TestLinearCreateIssue" name="test_special_characters_in_title" time="0.001" /><testcase classname="tests.integrations.linear.test_linear_create_issue.TestLinearCreateIssue" name="test_unicode_in_description" time="0.001" /><testcase classname="tests.integrations.linear.test_linear_create_issue.TestLinearCreateIssue" name="test_real_api_call_structure" time="0.001" /><testcase classname="tests.integrations.linear.test_linear_create_issue.TestLinearCreateIssue" name="test_graphql_error_handling" time="3.014"><failure message="shared.errors.APIError: linear_create_issue: [API_ERROR] Failed to create Linear issue: linear_create_issue: [API_ERROR] GraphQL errors: Invalid team ID">E   shared.errors.APIError: linear_create_issue: [API_ERROR] GraphQL errors: Invalid team ID

During handling of the above exception, another exception occurred:
E   shared.errors.APIError: linear_create_issue: [API_ERROR] Failed to create Linear issue: linear_create_issue: [API_ERROR] GraphQL errors: Invalid team ID</failure></testcase><testcase classname="tests.integrations.linear.test_linear_create_issue.TestLinearCreateIssue" name="test_missing_api_key" time="3.016"><failure message="shared.errors.APIError: linear_create_issue: [API_ERROR] Failed to create Linear issue: linear_create_issue: [AUTH_ERROR] Missing LINEAR_API_KEY environment variable">E   shared.errors.AuthenticationError: linear_create_issue: [AUTH_ERROR] Missing LINEAR_API_KEY environment variable

During handling of the above exception, another exception occurred:
E   shared.errors.APIError: linear_create_issue: [API_ERROR] Failed to create Linear issue: linear_create_issue: [AUTH_ERROR] Missing LINEAR_API_KEY environment variable</failure></testcase><testcase classname="tests.integrations.linear.test_linear_get_roadmap.TestLinearGetRoadmap" name="test_get_all_projects" time="0.005" /><testcase classname="tests.integrations.linear.test_linear_get_roadmap.TestLinearGetRoadmap" name="test_filter_by_team" time="0.003" /><testcase classname="tests.integrations.linear.test_linear_get_roadmap.TestLinearGetRoadmap" name="test_filter_by_status" time="0.002" /><testcase classname="tests.integrations.linear.test_linear_get_roadmap.TestLinearGetRoadmap" name="test_all_status_filters" time="0.005" /><testcase classname="tests.integrations.linear.test_linear_get_roadmap.TestLinearGetRoadmap" name="test_include_milestones" time="0.001" /><testcase classname="tests.integrations.linear.test_linear_get_roadmap.TestLinearGetRoadmap" name="test_exclude_milestones" time="0.001" /><testcase classname="tests.integrations.linear.test_linear_get_roadmap.TestLinearGetRoadmap" name="test_milestone_structure" time="0.001"><failure message="AssertionError: assert 'project_id' in {'id': 'milestone_1', 'name': 'Alpha Release', 'date': '2025-11-15', 'completed': True}">E   AssertionError: assert 'project_id' in {'id': 'milestone_1', 'name': 'Alpha Release', 'date': '2025-11-15', 'completed': True}</failure></testcase><testcase classname="tests.integrations.linear.test_linear_get_roadmap.TestLinearGetRoadmap" name="test_include_progress" time="0.001" /><testcase classname="tests.integrations.linear.test_linear_get_roadmap.TestLinearGetRoadmap" name="test_exclude_progress" time="0.001" /><testcase classname="tests.integrations.linear.test_linear_get_roadmap.TestLinearGetRoadmap" name="test_sort_by_name" time="0.094"><failure message="AssertionError: assert ['Q4 Platform Improvements', 'Mobile App Redesign'] == ['Mobile App Redesign', 'Q4 Platform Improvements']&#10;  &#10;  At index 0 diff: #x1B[0m#x1B[33m'#x1B[39;49;00m#x1B[33mQ4 Platform Improvements#x1B[39;49;00m#x1B[33m'#x1B[39;49;00m#x1B[90m#x1B[39;49;00m != #x1B[0m#x1B[33m'#x1B[39;49;00m#x1B[33mMobile App Redesign#x1B[39;49;00m#x1B[33m'#x1B[39;49;00m#x1B[90m#x1B[39;49;00m&#10;  &#10;  Full diff:&#10;  #x1B[0m#x1B[90m #x1B[39;49;00m [#x1B[90m#x1B[39;49;00m&#10;  #x1B[92m+     'Q4 Platform Improvements',#x1B[39;49;00m#x1B[90m#x1B[39;49;00m&#10;  #x1B[90m #x1B[39;49;00m     'Mobile App Redesign',#x1B[90m#x1B[39;49;00m&#10;  #x1B[91m-     'Q4 Platform Improvements',#x1B[39;49;00m#x1B[90m#x1B[39;49;00m&#10;  #x1B[90m #x1B[39;49;00m ]#x1B[90m#x1B[39;49;00m">E   AssertionError: assert ['Q4 Platform Improvements', 'Mobile App Redesign'] == ['Mobile App Redesign', 'Q4 Platform Improvements']
      
      At index 0 diff: #x1B[0m#x1B[33m'#x1B[39;49;00m#x1B[33mQ4 Platform Improvements#x1B[39;49;00m#x1B[33m'#x1B[39;49;00m#x1B[90m#x1B[39;49;00m != #x1B[0m#x1B[33m'#x1B[39;49;00m#x1B[33mMobile App Redesign#x1B[39;49;00m#x1B[33m'#x1B[39;49;00m#x1B[90m#x1B[39;49;00m
      
      Full diff:
      #x1B[0m#x1B[90m #x1B[39;49;00m [#x1B[90m#x1B[39;49;00m
      #x1B[92m+     'Q4 Platform Improvements',#x1B[39;49;00m#x1B[90m#x1B[39;49;00m
      #x1B[90m #x1B[39;49;00m     'Mobile App Redesign',#x1B[90m#x1B[39;49;00m
      #x1B[91m-     'Q4 Platform Improvements',#x1B[39;49;00m#x1B[90m#x1B[39;49;00m
      #x1B[90m #x1B[39;49;00m ]#x1B[90m#x1B[39;49;00m</failure></testcase><testcase classname="tests.integrations.linear.test_linear_get_roadmap.TestLinearGetRoadmap" name="test_sort_by_start_date" time="0.001" /><testcase classname="tests.integrations.linear.test_linear_get_roadmap.TestLinearGetRoadmap" name="test_sort_by_target_date" time="0.001" /><testcase classname="tests.integrations.linear.test_linear_get_roadmap.TestLinearGetRoadmap" name="test_sort_by_progress" time="0.001" /><testcase classname="tests.integrations.linear.test_linear_get_roadmap.TestLinearGetRoadmap" name="test_limit_results" time="0.001" /><testcase classname="tests.integrations.linear.test_linear_get_roadmap.TestLinearGetRoadmap" name="test_minimum_limit" time="0.001"><failure message="AssertionError: assert 2 &lt;= 1&#10; +  where 2 = len([{'id': 'proj_abc123', 'name': 'Q4 Platform Improvements', 'description': 'Major platform enhancements for Q4', 'status': 'started', 'progress': 0.65, 'start_date': '2025-10-01', 'target_date': '2025-12-31', 'lead': {'id': 'user_123', 'name': 'Alice Smith'}, 'team': {'id': 'team_xyz', 'name': 'Engineering'}, 'health': 'onTrack', 'issue_count': 23, 'completed_issues': 15, 'milestones': [{'id': 'milestone_1', 'name': 'Alpha Release', 'date': '2025-11-15', 'completed': True}, {'id': 'milestone_2', 'name': 'Beta Release', 'date': '2025-12-15', 'completed': False}]}, {'id': 'proj_def456', 'name': 'Mobile App Redesign', 'description': 'Complete redesign of mobile applications', 'status': 'planned', 'progress': 0.15, 'start_date': '2026-01-01', 'target_date': '2026-03-31', 'lead': {'id': 'user_456', 'name': 'Bob Johnson'}, 'team': {'id': 'team_xyz', 'name': 'Design'}, 'health': 'atRisk', 'issue_count': 45, 'completed_issues': 7, 'milestones': [{'id': 'milestone_3', 'name': 'Design Complete', 'date': '2026-02-01', 'completed': False}]}])">E   AssertionError: assert 2 &lt;= 1
     +  where 2 = len([{'id': 'proj_abc123', 'name': 'Q4 Platform Improvements', 'description': 'Major platform enhancements for Q4', 'status': 'started', 'progress': 0.65, 'start_date': '2025-10-01', 'target_date': '2025-12-31', 'lead': {'id': 'user_123', 'name': 'Alice Smith'}, 'team': {'id': 'team_xyz', 'name': 'Engineering'}, 'health': 'onTrack', 'issue_count': 23, 'completed_issues': 15, 'milestones': [{'id': 'milestone_1', 'name': 'Alpha Release', 'date': '2025-11-15', 'completed': True}, {'id': 'milestone_2', 'name': 'Beta Release', 'date': '2025-12-15', 'completed': False}]}, {'id': 'proj_def456', 'name': 'Mobile App Redesign', 'description': 'Complete redesign of mobile applications', 'status': 'planned', 'progress': 0.15, 'start_date': '2026-01-01', 'target_date': '2026-03-31', 'lead': {'id': 'user_456', 'name': 'Bob Johnson'}, 'team': {'id': 'team_xyz', 'name': 'Design'}, 'health': 'atRisk', 'issue_count': 45, 'completed_issues': 7, 'milestones': [{'id': 'milestone_3', 'name': 'Design Complete', 'date': '2026-02-01', 'completed': False}]}])</failure></testcase><testcase classname="tests.integrations.linear.test_linear_get_roadmap.TestLinearGetRoadmap" name="test_maximum_limit" time="0.001" /><testcase classname="tests.integrations.linear.test_linear_get_roadmap.TestLinearGetRoadmap" name="test_filter_by_start_date" time="0.001" /><testcase classname="tests.integrations.linear.test_linear_get_roadmap.TestLinearGetRoadmap" name="test_filter_by_end_date" time="0.001" /><testcase classname="tests.integrations.linear.test_linear_get_roadmap.TestLinearGetRoadmap" name="test_filter_by_date_range" time="0.001" /><testcase classname="tests.integrations.linear.test_linear_get_roadmap.TestLinearGetRoadmap" name="test_exclude_archived" time="0.001" /><testcase classname="tests.integrations.linear.test_linear_get_roadmap.TestLinearGetRoadmap" name="test_include_archived" time="0.001" /><testcase classname="tests.integrations.linear.test_linear_get_roadmap.TestLinearGetRoadmap" name="test_roadmap_summary_structure" time="0.001" /><testcase classname="tests.integrations.linear.test_linear_get_roadmap.TestLinearGetRoadmap" name="test_roadmap_statistics" time="0.001" /><testcase classname="tests.integrations.linear.test_linear_get_roadmap.TestLinearGetRoadmap" name="test_timeline_generation" time="0.001" /><testcase classname="tests.integrations.linear.test_linear_get_roadmap.TestLinearGetRoadmap" name="test_project_structure" time="0.001" /><testcase classname="tests.integrations.linear.test_linear_get_roadmap.TestLinearGetRoadmap" name="test_project_team_info" time="0.001" /><testcase classname="tests.integrations.linear.test_linear_get_roadmap.TestLinearGetRoadmap" name="test_project_health_status" time="0.001" /><testcase classname="tests.integrations.linear.test_linear_get_roadmap.TestLinearGetRoadmap" name="test_validation_invalid_status" time="0.001" /><testcase classname="tests.integrations.linear.test_linear_get_roadmap.TestLinearGetRoadmap" name="test_validation_invalid_sort_by" time="0.001" /><testcase classname="tests.integrations.linear.test_linear_get_roadmap.TestLinearGetRoadmap" name="test_validation_invalid_limit" time="0.000" /><testcase classname="tests.integrations.linear.test_linear_get_roadmap.TestLinearGetRoadmap" name="test_validation_limit_too_high" time="0.000" /><testcase classname="tests.integrations.linear.test_linear_get_roadmap.TestLinearGetRoadmap" name="test_validation_invalid_start_date" time="0.001" /><testcase classname="tests.integrations.linear.test_linear_get_roadmap.TestLinearGetRoadmap" name="test_validation_invalid_end_date" time="0.001" /><testcase classname="tests.integrations.linear.test_linear_get_roadmap.TestLinearGetRoadmap" name="test_tool_metadata" time="0.000" /><testcase classname="tests.integrations.linear.test_linear_get_roadmap.TestLinearGetRoadmap" name="test_result_metadata" time="0.001" /><testcase classname="tests.integrations.linear.test_linear_get_roadmap.TestLinearGetRoadmap" name="test_complex_filter_combination" time="0.001" /><testcase classname="tests.integrations.linear.test_linear_get_roadmap.TestLinearGetRoadmap" name="test_real_api_call_structure" time="0.001" /><testcase classname="tests.integrations.linear.test_linear_sync_github.TestLinearSyncGitHub" name="test_linear_to_github_sync" time="0.001" /><testcase classname="tests.integrations.linear.test_linear_sync_github.TestLinearSyncGitHub" name="test_github_to_linear_sync" time="0.001" /><testcase classname="tests.integrations.linear.test_linear_sync_github.TestLinearSyncGitHub" name="test_bidirectional_sync" time="0.001" /><testcase classname="tests.integrations.linear.test_linear_sync_github.TestLinearSyncGitHub" name="test_sync_with_comments" time="0.001" /><testcase classname="tests.integrations.linear.test_linear_sync_github.TestLinearSyncGitHub" name="test_sync_with_labels" time="0.001" /><testcase classname="tests.integrations.linear.test_linear_sync_github.TestLinearSyncGitHub" name="test_sync_with_status" time="0.001" /><testcase classname="tests.integrations.linear.test_linear_sync_github.TestLinearSyncGitHub" name="test_sync_all_options" time="0.001" /><testcase classname="tests.integrations.linear.test_linear_sync_github.TestLinearSyncGitHub" name="test_conflict_linear_wins" time="0.001" /><testcase classname="tests.integrations.linear.test_linear_sync_github.TestLinearSyncGitHub" name="test_conflict_github_wins" time="0.001" /><testcase classname="tests.integrations.linear.test_linear_sync_github.TestLinearSyncGitHub" name="test_conflict_manual" time="0.001" /><testcase classname="tests.integrations.linear.test_linear_sync_github.TestLinearSyncGitHub" name="test_label_mapping" time="0.001" /><testcase classname="tests.integrations.linear.test_linear_sync_github.TestLinearSyncGitHub" name="test_create_branch" time="0.001" /><testcase classname="tests.integrations.linear.test_linear_sync_github.TestLinearSyncGitHub" name="test_link_pull_request" time="0.001" /><testcase classname="tests.integrations.linear.test_linear_sync_github.TestLinearSyncGitHub" name="test_batch_sync" time="0.001" /><testcase classname="tests.integrations.linear.test_linear_sync_github.TestLinearSyncGitHub" name="test_batch_sync_multiple_issues" time="0.001" /><testcase classname="tests.integrations.linear.test_linear_sync_github.TestLinearSyncGitHub" name="test_validation_invalid_direction" time="0.001" /><testcase classname="tests.integrations.linear.test_linear_sync_github.TestLinearSyncGitHub" name="test_validation_invalid_repo_format" time="0.001" /><testcase classname="tests.integrations.linear.test_linear_sync_github.TestLinearSyncGitHub" name="test_validation_no_issue_ids" time="0.001" /><testcase classname="tests.integrations.linear.test_linear_sync_github.TestLinearSyncGitHub" name="test_validation_batch_without_filters" time="0.001" /><testcase classname="tests.integrations.linear.test_linear_sync_github.TestLinearSyncGitHub" name="test_validation_invalid_conflict_resolution" time="0.001" /><testcase classname="tests.integrations.linear.test_linear_sync_github.TestLinearSyncGitHub" name="test_sync_details_structure" time="0.001" /><testcase classname="tests.integrations.linear.test_linear_sync_github.TestLinearSyncGitHub" name="test_github_url_included" time="0.001" /><testcase classname="tests.integrations.linear.test_linear_sync_github.TestLinearSyncGitHub" name="test_created_items_branch" time="0.001" /><testcase classname="tests.integrations.linear.test_linear_sync_github.TestLinearSyncGitHub" name="test_created_items_pr_link" time="0.001" /><testcase classname="tests.integrations.linear.test_linear_sync_github.TestLinearSyncGitHub" name="test_tool_metadata" time="0.000" /><testcase classname="tests.integrations.linear.test_linear_sync_github.TestLinearSyncGitHub" name="test_result_metadata" time="0.001" /><testcase classname="tests.integrations.linear.test_linear_sync_github.TestLinearSyncGitHub" name="test_valid_repo_formats" time="0.002" /><testcase classname="tests.integrations.linear.test_linear_sync_github.TestLinearSyncGitHub" name="test_real_api_call_structure" time="0.001" /><testcase classname="tests.integrations.linear.test_linear_sync_github.TestLinearSyncGitHub" name="test_missing_linear_api_key" time="3.014"><failure message="shared.errors.APIError: linear_sync_github: [API_ERROR] Failed to sync Linear with GitHub: linear_sync_github: [AUTH_ERROR] Missing LINEAR_API_KEY environment variable">E   shared.errors.AuthenticationError: linear_sync_github: [AUTH_ERROR] Missing LINEAR_API_KEY environment variable

During handling of the above exception, another exception occurred:
E   shared.errors.APIError: linear_sync_github: [API_ERROR] Failed to sync Linear with GitHub: linear_sync_github: [AUTH_ERROR] Missing LINEAR_API_KEY environment variable</failure></testcase><testcase classname="tests.integrations.linear.test_linear_sync_github.TestLinearSyncGitHub" name="test_missing_github_token" time="3.011"><failure message="shared.errors.APIError: linear_sync_github: [API_ERROR] Failed to sync Linear with GitHub: linear_sync_github: [AUTH_ERROR] Missing GITHUB_TOKEN environment variable">E   shared.errors.AuthenticationError: linear_sync_github: [AUTH_ERROR] Missing GITHUB_TOKEN environment variable

During handling of the above exception, another exception occurred:
E   shared.errors.APIError: linear_sync_github: [API_ERROR] Failed to sync Linear with GitHub: linear_sync_github: [AUTH_ERROR] Missing GITHUB_TOKEN environment variable</failure></testcase><testcase classname="tests.integrations.linear.test_linear_update_status.TestLinearUpdateStatus" name="test_update_state_by_name" time="0.001" /><testcase classname="tests.integrations.linear.test_linear_update_status.TestLinearUpdateStatus" name="test_update_state_by_id" time="0.001" /><testcase classname="tests.integrations.linear.test_linear_update_status.TestLinearUpdateStatus" name="test_update_priority" time="0.001" /><testcase classname="tests.integrations.linear.test_linear_update_status.TestLinearUpdateStatus" name="test_update_assignee" time="0.001" /><testcase classname="tests.integrations.linear.test_linear_update_status.TestLinearUpdateStatus" name="test_unassign_issue" time="0.001" /><testcase classname="tests.integrations.linear.test_linear_update_status.TestLinearUpdateStatus" name="test_update_estimate" time="0.001" /><testcase classname="tests.integrations.linear.test_linear_update_status.TestLinearUpdateStatus" name="test_update_multiple_fields" time="0.001" /><testcase classname="tests.integrations.linear.test_linear_update_status.TestLinearUpdateStatus" name="test_update_with_comment" time="0.001" /><testcase classname="tests.integrations.linear.test_linear_update_status.TestLinearUpdateStatus" name="test_add_labels" time="0.001" /><testcase classname="tests.integrations.linear.test_linear_update_status.TestLinearUpdateStatus" name="test_remove_labels" time="0.001" /><testcase classname="tests.integrations.linear.test_linear_update_status.TestLinearUpdateStatus" name="test_add_and_remove_labels" time="0.001" /><testcase classname="tests.integrations.linear.test_linear_update_status.TestLinearUpdateStatus" name="test_validation_empty_issue_id" time="0.000" /><testcase classname="tests.integrations.linear.test_linear_update_status.TestLinearUpdateStatus" name="test_validation_no_updates" time="0.001" /><testcase classname="tests.integrations.linear.test_linear_update_status.TestLinearUpdateStatus" name="test_validation_both_state_id_and_name" time="0.001" /><testcase classname="tests.integrations.linear.test_linear_update_status.TestLinearUpdateStatus" name="test_validation_invalid_priority" time="0.000" /><testcase classname="tests.integrations.linear.test_linear_update_status.TestLinearUpdateStatus" name="test_validation_negative_estimate" time="0.000" /><testcase classname="tests.integrations.linear.test_linear_update_status.TestLinearUpdateStatus" name="test_all_priority_levels" time="0.003" /><testcase classname="tests.integrations.linear.test_linear_update_status.TestLinearUpdateStatus" name="test_state_transitions" time="0.003" /><testcase classname="tests.integrations.linear.test_linear_update_status.TestLinearUpdateStatus" name="test_fractional_estimate" time="0.001" /><testcase classname="tests.integrations.linear.test_linear_update_status.TestLinearUpdateStatus" name="test_zero_estimate" time="0.001" /><testcase classname="tests.integrations.linear.test_linear_update_status.TestLinearUpdateStatus" name="test_tool_metadata" time="0.000" /><testcase classname="tests.integrations.linear.test_linear_update_status.TestLinearUpdateStatus" name="test_updates_summary" time="0.001" /><testcase classname="tests.integrations.linear.test_linear_update_status.TestLinearUpdateStatus" name="test_comment_only_update" time="0.001" /><testcase classname="tests.integrations.linear.test_linear_update_status.TestLinearUpdateStatus" name="test_long_comment" time="0.001" /><testcase classname="tests.integrations.linear.test_linear_update_status.TestLinearUpdateStatus" name="test_real_api_call_structure" time="3.018"><failure message="shared.errors.APIError: linear_update_status: [API_ERROR] Failed to update Linear issue status:">E   StopIteration

During handling of the above exception, another exception occurred:
E   shared.errors.APIError: linear_update_status: [API_ERROR] Failed to update Linear issue status:</failure></testcase><testcase classname="tests.integrations.github.test_github_integration.TestGitHubReviewCode" name="test_approve_review" time="0.003" /></testsuite></testsuites>